Component: Arm Compiler for Embedded 6.24 Tool: armlink [5f371500]

==============================================================================

Section Cross References

    startup_mspm0g351x_uvision.o(STACK) refers (Special) to heapauxi.o(.text) for __use_two_region_memory
    startup_mspm0g351x_uvision.o(HEAP) refers (Special) to heapauxi.o(.text) for __use_two_region_memory
    startup_mspm0g351x_uvision.o(RESET) refers (Special) to heapauxi.o(.text) for __use_two_region_memory
    startup_mspm0g351x_uvision.o(RESET) refers to startup_mspm0g351x_uvision.o(STACK) for __initial_sp
    startup_mspm0g351x_uvision.o(RESET) refers to startup_mspm0g351x_uvision.o(.text) for Reset_Handler
    startup_mspm0g351x_uvision.o(RESET) refers to main.o(.text.TIMG8_IRQHandler) for TIMG8_IRQHandler
    startup_mspm0g351x_uvision.o(RESET) refers to main.o(.text.TIMG7_IRQHandler) for TIMG7_IRQHandler
    startup_mspm0g351x_uvision.o(.text) refers (Special) to heapauxi.o(.text) for __use_two_region_memory
    startup_mspm0g351x_uvision.o(.text) refers to __main.o(!!!main) for __main
    startup_mspm0g351x_uvision.o(.text) refers to startup_mspm0g351x_uvision.o(HEAP) for Heap_Mem
    startup_mspm0g351x_uvision.o(.text) refers to startup_mspm0g351x_uvision.o(STACK) for Stack_Mem
    ti_msp_dl_config.o(.text.SYSCFG_DL_init) refers to ti_msp_dl_config.o(.text.SYSCFG_DL_initPower) for SYSCFG_DL_initPower
    ti_msp_dl_config.o(.text.SYSCFG_DL_init) refers to ti_msp_dl_config.o(.text.SYSCFG_DL_GPIO_init) for SYSCFG_DL_GPIO_init
    ti_msp_dl_config.o(.text.SYSCFG_DL_init) refers to ti_msp_dl_config.o(.text.SYSCFG_DL_SYSCTL_init) for SYSCFG_DL_SYSCTL_init
    ti_msp_dl_config.o(.text.SYSCFG_DL_init) refers to ti_msp_dl_config.o(.text.SYSCFG_DL_PWM_0_init) for SYSCFG_DL_PWM_0_init
    ti_msp_dl_config.o(.text.SYSCFG_DL_init) refers to ti_msp_dl_config.o(.text.SYSCFG_DL_TIMER_0_init) for SYSCFG_DL_TIMER_0_init
    ti_msp_dl_config.o(.text.SYSCFG_DL_init) refers to ti_msp_dl_config.o(.text.SYSCFG_DL_TIMER_1_init) for SYSCFG_DL_TIMER_1_init
    ti_msp_dl_config.o(.text.SYSCFG_DL_init) refers to ti_msp_dl_config.o(.text.SYSCFG_DL_SPI_0_init) for SYSCFG_DL_SPI_0_init
    ti_msp_dl_config.o(.text.SYSCFG_DL_init) refers to ti_msp_dl_config.o(.text.SYSCFG_DL_TRNG_init) for SYSCFG_DL_TRNG_init
    ti_msp_dl_config.o(.text.SYSCFG_DL_init) refers to ti_msp_dl_config.o(.bss.gTIMER_1Backup) for gTIMER_1Backup
    ti_msp_dl_config.o(.text.SYSCFG_DL_init) refers to ti_msp_dl_config.o(.bss.gPWM_0Backup) for gPWM_0Backup
    ti_msp_dl_config.o(.text.SYSCFG_DL_init) refers to ti_msp_dl_config.o(.bss.gSPI_0Backup) for gSPI_0Backup
    ti_msp_dl_config.o(.text.SYSCFG_DL_init) refers to ti_msp_dl_config.o(.bss.gTRNGBackup) for gTRNGBackup
    ti_msp_dl_config.o(.ARM.exidx.text.SYSCFG_DL_init) refers to ti_msp_dl_config.o(.text.SYSCFG_DL_init) for [Anonymous Symbol]
    ti_msp_dl_config.o(.text.SYSCFG_DL_initPower) refers to dl_common.o(.text.DL_Common_delayCycles) for DL_Common_delayCycles
    ti_msp_dl_config.o(.ARM.exidx.text.SYSCFG_DL_initPower) refers to ti_msp_dl_config.o(.text.SYSCFG_DL_initPower) for [Anonymous Symbol]
    ti_msp_dl_config.o(.ARM.exidx.text.SYSCFG_DL_GPIO_init) refers to ti_msp_dl_config.o(.text.SYSCFG_DL_GPIO_init) for [Anonymous Symbol]
    ti_msp_dl_config.o(.text.SYSCFG_DL_SYSCTL_init) refers to dl_sysctl_mspm0gx51x.o(.text.DL_SYSCTL_setHFCLKSourceHFXTParams) for DL_SYSCTL_setHFCLKSourceHFXTParams
    ti_msp_dl_config.o(.text.SYSCFG_DL_SYSCTL_init) refers to dl_sysctl_mspm0gx51x.o(.text.DL_SYSCTL_configSYSPLL) for DL_SYSCTL_configSYSPLL
    ti_msp_dl_config.o(.text.SYSCFG_DL_SYSCTL_init) refers to dl_sysctl_mspm0gx51x.o(.text.DL_SYSCTL_switchMCLKfromSYSOSCtoHSCLK) for DL_SYSCTL_switchMCLKfromSYSOSCtoHSCLK
    ti_msp_dl_config.o(.text.SYSCFG_DL_SYSCTL_init) refers to ti_msp_dl_config.o(.rodata.gSYSPLLConfig) for [Anonymous Symbol]
    ti_msp_dl_config.o(.ARM.exidx.text.SYSCFG_DL_SYSCTL_init) refers to ti_msp_dl_config.o(.text.SYSCFG_DL_SYSCTL_init) for [Anonymous Symbol]
    ti_msp_dl_config.o(.text.SYSCFG_DL_PWM_0_init) refers to dl_timer.o(.text.DL_Timer_setClockConfig) for DL_Timer_setClockConfig
    ti_msp_dl_config.o(.text.SYSCFG_DL_PWM_0_init) refers to dl_timer.o(.text.DL_Timer_initFourCCPWMMode) for DL_Timer_initFourCCPWMMode
    ti_msp_dl_config.o(.text.SYSCFG_DL_PWM_0_init) refers to dl_timer.o(.text.DL_Timer_setCaptureCompareOutCtl) for DL_Timer_setCaptureCompareOutCtl
    ti_msp_dl_config.o(.text.SYSCFG_DL_PWM_0_init) refers to dl_timer.o(.text.DL_Timer_setCaptCompUpdateMethod) for DL_Timer_setCaptCompUpdateMethod
    ti_msp_dl_config.o(.text.SYSCFG_DL_PWM_0_init) refers to dl_timer.o(.text.DL_Timer_setCaptureCompareValue) for DL_Timer_setCaptureCompareValue
    ti_msp_dl_config.o(.text.SYSCFG_DL_PWM_0_init) refers to ti_msp_dl_config.o(.rodata.gPWM_0ClockConfig) for [Anonymous Symbol]
[...]
    ../clib/angel/rt.s                       0x00000000   Number         0  aeabi_idiv0_sigfpe.o ABSOLUTE
    ../clib/angel/rt.s                       0x00000000   Number         0  rt_div0.o ABSOLUTE
    ../clib/angel/rt.s                       0x00000000   Number         0  rt_raise.o ABSOLUTE
    ../clib/angel/scatterp.s                 0x00000000   Number         0  __scatter.o ABSOLUTE
    ../clib/angel/startup.s                  0x00000000   Number         0  __main.o ABSOLUTE
    ../clib/angel/sys.s                      0x00000000   Number         0  sys_stackheap_outer.o ABSOLUTE
    ../clib/angel/sys.s                      0x00000000   Number         0  libspace.o ABSOLUTE
    ../clib/angel/sys.s                      0x00000000   Number         0  tempstk.o ABSOLUTE
    ../clib/angel/sys.s                      0x00000000   Number         0  use_no_semi.o ABSOLUTE
    ../clib/angel/sys.s                      0x00000000   Number         0  indicate_semi.o ABSOLUTE
    ../clib/angel/sysapp.c                   0x00000000   Number         0  sys_exit.o ABSOLUTE
    ../clib/angel/sysapp.c                   0x00000000   Number         0  sys_exit_hlt.o ABSOLUTE
    ../clib/angel/sysapp.c                   0x00000000   Number         0  sys_wrch.o ABSOLUTE
    ../clib/angel/sysapp.c                   0x00000000   Number         0  sys_wrch_hlt.o ABSOLUTE
    ../clib/angel/sysapp.c                   0x00000000   Number         0  sys_command.o ABSOLUTE
    ../clib/angel/sysapp.c                   0x00000000   Number         0  sys_command_hlt.o ABSOLUTE
    ../clib/armsys.c                         0x00000000   Number         0  argv_veneer.o ABSOLUTE
    ../clib/armsys.c                         0x00000000   Number         0  _get_argv_nomalloc.o ABSOLUTE
    ../clib/armsys.c                         0x00000000   Number         0  no_argv.o ABSOLUTE
    ../clib/division.s                       0x00000000   Number         0  aeabi_sdivfast.o ABSOLUTE
    ../clib/division.s                       0x00000000   Number         0  aeabi_sdivfast_div0.o ABSOLUTE
    ../clib/heapalloc.c                      0x00000000   Number         0  hrguard.o ABSOLUTE
    ../clib/heapaux.c                        0x00000000   Number         0  heapauxi.o ABSOLUTE
    ../clib/libinit.s                        0x00000000   Number         0  libinit.o ABSOLUTE
    ../clib/libinit.s                        0x00000000   Number         0  libinit2.o ABSOLUTE
    ../clib/libinit.s                        0x00000000   Number         0  libshutdown.o ABSOLUTE
    ../clib/libinit.s                        0x00000000   Number         0  libshutdown2.o ABSOLUTE
    ../clib/memcpset.c                       0x00000000   Number         0  rt_memclr.o ABSOLUTE
    ../clib/signal.c                         0x00000000   Number         0  defsig_fpe_outer.o ABSOLUTE
    ../clib/signal.c                         0x00000000   Number         0  defsig_fpe_formal.o ABSOLUTE
    ../clib/signal.c                         0x00000000   Number         0  defsig_exit.o ABSOLUTE
    ../clib/signal.c                         0x00000000   Number         0  defsig_fpe_inner.o ABSOLUTE
    ../clib/signal.c                         0x00000000   Number         0  __raise.o ABSOLUTE
    ../clib/signal.c                         0x00000000   Number         0  defsig_general.o ABSOLUTE
    ../clib/signal.c                         0x00000000   Number         0  defsig_abrt_inner.o ABSOLUTE
    ../clib/signal.c                         0x00000000   Number         0  defsig_rtred_inner.o ABSOLUTE
    ../clib/signal.c                         0x00000000   Number         0  defsig_rtmem_inner.o ABSOLUTE
    ../clib/signal.c                         0x00000000   Number         0  defsig_rtmem_outer.o ABSOLUTE
    ../clib/signal.c                         0x00000000   Number         0  defsig_rtmem_formal.o ABSOLUTE
    ../clib/signal.c                         0x00000000   Number         0  defsig_stak_inner.o ABSOLUTE
    ../clib/signal.c                         0x00000000   Number         0  defsig_pvfn_inner.o ABSOLUTE
    ../clib/signal.c                         0x00000000   Number         0  defsig_cppl_inner.o ABSOLUTE
    ../clib/signal.c                         0x00000000   Number         0  defsig_segv_inner.o ABSOLUTE
    ../clib/signal.c                         0x00000000   Number         0  defsig_other.o ABSOLUTE
    ../clib/signal.s                         0x00000000   Number         0  defsig.o ABSOLUTE
    ../clib/stdlib.c                         0x00000000   Number         0  exit.o ABSOLUTE
    ../fplib/cfplib/fpinit.c                 0x00000000   Number         0  fpinit.o ABSOLUTE
    Keyboard.c                               0x00000000   Number         0  keyboard.o ABSOLUTE
    LED.c                                    0x00000000   Number         0  led.o ABSOLUTE
    MusicPlayer.c                            0x00000000   Number         0  musicplayer.o ABSOLUTE
    dc.s                                     0x00000000   Number         0  dc.o ABSOLUTE
    dl_common.c                              0x00000000   Number         0  dl_common.o ABSOLUTE
    dl_factoryregion.c                       0x00000000   Number         0  dl_factoryregion.o ABSOLUTE
    dl_flashctl.c                            0x00000000   Number         0  dl_flashctl.o ABSOLUTE
    dl_spi.c                                 0x00000000   Number         0  dl_spi.o ABSOLUTE
    dl_sysctl_mspm0gx51x.c                   0x00000000   Number         0  dl_sysctl_mspm0gx51x.o ABSOLUTE
    dl_timer.c                               0x00000000   Number         0  dl_timer.o ABSOLUTE
    dl_trng.c                                0x00000000   Number         0  dl_trng.o ABSOLUTE
    eeprom_emulation_type_a.c                0x00000000   Number         0  eeprom_emulation_type_a.o ABSOLUTE
    eeprom_emulation_type_b.c                0x00000000   Number         0  eeprom_emulation_type_b.o ABSOLUTE
    main.c                                   0x00000000   Number         0  main.o ABSOLUTE
    oled_spi_V0.2.c                          0x00000000   Number         0  oled_spi_v0.2.o ABSOLUTE
    startup_mspm0g351x_uvision.s             0x00000000   Number         0  startup_mspm0g351x_uvision.o ABSOLUTE
    ti_msp_dl_config.c                       0x00000000   Number         0  ti_msp_dl_config.o ABSOLUTE
    RESET                                    0x00000000   Section      192  startup_mspm0g351x_uvision.o(RESET)
    !!!main                                  0x000000c0   Section        8  __main.o(!!!main)
    !!!scatter                               0x000000c8   Section       84  __scatter.o(!!!scatter)
    !!handler_copy                           0x00000120   Section       26  __scatter_copy.o(!!handler_copy)
    !!handler_null                           0x00000140   Section        2  __scatter.o(!!handler_null)
    !!handler_zi                             0x00000148   Section       28  __scatter_zi.o(!!handler_zi)
    .ARM.Collect$$libinit$$00000000          0x00000164   Section        2  libinit.o(.ARM.Collect$$libinit$$00000000)
    .ARM.Collect$$libinit$$00000002          0x00000166   Section        0  libinit2.o(.ARM.Collect$$libinit$$00000002)
    .ARM.Collect$$libinit$$00000004          0x00000166   Section        0  libinit2.o(.ARM.Collect$$libinit$$00000004)
    .ARM.Collect$$libinit$$00000006          0x00000166   Section        0  libinit2.o(.ARM.Collect$$libinit$$00000006)
    .ARM.Collect$$libinit$$0000000C          0x00000166   Section        0  libinit2.o(.ARM.Collect$$libinit$$0000000C)
    .ARM.Collect$$libinit$$0000000E          0x00000166   Section        0  libinit2.o(.ARM.Collect$$libinit$$0000000E)
    .ARM.Collect$$libinit$$00000010          0x00000166   Section        0  libinit2.o(.ARM.Collect$$libinit$$00000010)
    .ARM.Collect$$libinit$$00000013          0x00000166   Section        0  libinit2.o(.ARM.Collect$$libinit$$00000013)
    .ARM.Collect$$libinit$$00000015          0x00000166   Section        0  libinit2.o(.ARM.Collect$$libinit$$00000015)
    .ARM.Collect$$libinit$$00000017          0x00000166   Section        0  libinit2.o(.ARM.Collect$$libinit$$00000017)
    .ARM.Collect$$libinit$$00000019          0x00000166   Section        0  libinit2.o(.ARM.Collect$$libinit$$00000019)
    .ARM.Collect$$libinit$$0000001B          0x00000166   Section        0  libinit2.o(.ARM.Collect$$libinit$$0000001B)
    .ARM.Collect$$libinit$$0000001D          0x00000166   Section        0  libinit2.o(.ARM.Collect$$libinit$$0000001D)
    .ARM.Collect$$libinit$$0000001F          0x00000166   Section        0  libinit2.o(.ARM.Collect$$libinit$$0000001F)
    .ARM.Collect$$libinit$$00000021          0x00000166   Section        0  libinit2.o(.ARM.Collect$$libinit$$00000021)
    .ARM.Collect$$libinit$$00000023          0x00000166   Section        0  libinit2.o(.ARM.Collect$$libinit$$00000023)
    .ARM.Collect$$libinit$$00000025          0x00000166   Section        0  libinit2.o(.ARM.Collect$$libinit$$00000025)
    .ARM.Collect$$libinit$$00000027          0x00000166   Section        0  libinit2.o(.ARM.Collect$$libinit$$00000027)
    .ARM.Collect$$libinit$$0000002E          0x00000166   Section        0  libinit2.o(.ARM.Collect$$libinit$$0000002E)
    .ARM.Collect$$libinit$$00000030          0x00000166   Section        0  libinit2.o(.ARM.Collect$$libinit$$00000030)
    .ARM.Collect$$libinit$$00000032          0x00000166   Section        0  libinit2.o(.ARM.Collect$$libinit$$00000032)
    .ARM.Collect$$libinit$$00000034          0x00000166   Section        0  libinit2.o(.ARM.Collect$$libinit$$00000034)
    .ARM.Collect$$libinit$$00000035          0x00000166   Section        2  libinit2.o(.ARM.Collect$$libinit$$00000035)
    .ARM.Collect$$libshutdown$$00000000      0x00000168   Section        2  libshutdown.o(.ARM.Collect$$libshutdown$$00000000)
    .ARM.Collect$$libshutdown$$00000002      0x0000016a   Section        0  libshutdown2.o(.ARM.Collect$$libshutdown$$00000002)
    .ARM.Collect$$libshutdown$$00000004      0x0000016a   Section        0  libshutdown2.o(.ARM.Collect$$libshutdown$$00000004)
    .ARM.Collect$$libshutdown$$00000007      0x0000016a   Section        0  libshutdown2.o(.ARM.Collect$$libshutdown$$00000007)
    .ARM.Collect$$libshutdown$$0000000A      0x0000016a   Section        0  libshutdown2.o(.ARM.Collect$$libshutdown$$0000000A)
    .ARM.Collect$$libshutdown$$0000000C      0x0000016a   Section        0  libshutdown2.o(.ARM.Collect$$libshutdown$$0000000C)
    .ARM.Collect$$libshutdown$$0000000F      0x0000016a   Section        0  libshutdown2.o(.ARM.Collect$$libshutdown$$0000000F)
    .ARM.Collect$$libshutdown$$00000010      0x0000016a   Section        2  libshutdown2.o(.ARM.Collect$$libshutdown$$00000010)
    .ARM.Collect$$rtentry$$00000000          0x0000016c   Section        0  __rtentry.o(.ARM.Collect$$rtentry$$00000000)
    .ARM.Collect$$rtentry$$00000002          0x0000016c   Section        0  __rtentry2.o(.ARM.Collect$$rtentry$$00000002)
    .ARM.Collect$$rtentry$$00000004          0x0000016c   Section        6  __rtentry4.o(.ARM.Collect$$rtentry$$00000004)
    .ARM.Collect$$rtentry$$00000009          0x00000172   Section        0  __rtentry2.o(.ARM.Collect$$rtentry$$00000009)
    .ARM.Collect$$rtentry$$0000000A          0x00000172   Section        4  __rtentry2.o(.ARM.Collect$$rtentry$$0000000A)
    .ARM.Collect$$rtentry$$0000000C          0x00000176   Section        0  __rtentry2.o(.ARM.Collect$$rtentry$$0000000C)
    .ARM.Collect$$rtentry$$0000000D          0x00000176   Section        8  __rtentry2.o(.ARM.Collect$$rtentry$$0000000D)
    .ARM.Collect$$rtexit$$00000000           0x0000017e   Section        2  rtexit.o(.ARM.Collect$$rtexit$$00000000)
    .ARM.Collect$$rtexit$$00000002           0x00000180   Section        0  rtexit2.o(.ARM.Collect$$rtexit$$00000002)
    .ARM.Collect$$rtexit$$00000003           0x00000180   Section        4  rtexit2.o(.ARM.Collect$$rtexit$$00000003)
    .ARM.Collect$$rtexit$$00000004           0x00000184   Section        6  rtexit2.o(.ARM.Collect$$rtexit$$00000004)
    .text                                    0x0000018c   Section       44  startup_mspm0g351x_uvision.o(.text)
    .text                                    0x000001b8   Section        0  rt_memclr.o(.text)
    .text                                    0x000001f8   Section      504  aeabi_sdivfast.o(.text)
    .text                                    0x000003f0   Section        0  heapauxi.o(.text)
    .text                                    0x000003f6   Section       62  sys_stackheap_outer.o(.text)
    .text                                    0x00000434   Section        0  exit.o(.text)
    .text                                    0x00000444   Section        8  libspace.o(.text)
    .text                                    0x0000044c   Section        0  sys_exit.o(.text)
    .text                                    0x00000458   Section        2  use_no_semi.o(.text)
    .text                                    0x0000045a   Section        0  indicate_semi.o(.text)
    [Anonymous Symbol]                       0x0000045c   Section        0  musicplayer.o(.text.BuzzDisabled)
    __arm_cp.3_0                             0x00000478   Number         4  musicplayer.o(.text.BuzzDisabled)
    __arm_cp.3_1                             0x0000047c   Number         4  musicplayer.o(.text.BuzzDisabled)
    [Anonymous Symbol]                       0x00000480   Section        0  dl_common.o(.text.DL_Common_delayCycles)
    [Anonymous Symbol]                       0x0000048c   Section        0  dl_factoryregion.o(.text.DL_FactoryRegion_initTrimTable)
    __arm_cp.0_0                             0x000004d8   Number         4  dl_factoryregion.o(.text.DL_FactoryRegion_initTrimTable)
    __arm_cp.0_1                             0x000004dc   Number         4  dl_factoryregion.o(.text.DL_FactoryRegion_initTrimTable)
    [Anonymous Symbol]                       0x000004e0   Section        0  dl_flashctl.o(.text.DL_FlashCTL_eraseMemoryFromRAM)
    [Anonymous Symbol]                       0x000004f4   Section        0  dl_flashctl.o(.text.DL_FlashCTL_programMemoryFromRAM32WithECCGenerated)
    __arm_cp.27_0                            0x00000510   Number         4  dl_flashctl.o(.text.DL_FlashCTL_programMemoryFromRAM32WithECCGenerated)
    [Anonymous Symbol]                       0x00000514   Section        0  dl_flashctl.o(.text.DL_FlashCTL_unprotectSector)
    __arm_cp.39_1                            0x000005a8   Number         4  dl_flashctl.o(.text.DL_FlashCTL_unprotectSector)
    __arm_cp.39_3                            0x000005ac   Number         4  dl_flashctl.o(.text.DL_FlashCTL_unprotectSector)
    __arm_cp.39_5                            0x000005b0   Number         4  dl_flashctl.o(.text.DL_FlashCTL_unprotectSector)
    [Anonymous Symbol]                       0x000005b4   Section        0  dl_spi.o(.text.DL_SPI_init)
    __arm_cp.0_0                             0x000005f0   Number         4  dl_spi.o(.text.DL_SPI_init)
    __arm_cp.0_1                             0x000005f4   Number         4  dl_spi.o(.text.DL_SPI_init)
    [Anonymous Symbol]                       0x000005f8   Section        0  dl_spi.o(.text.DL_SPI_setClockConfig)
    [Anonymous Symbol]                       0x0000060c   Section        0  dl_sysctl_mspm0gx51x.o(.text.DL_SYSCTL_configSYSPLL)
    __arm_cp.0_0                             0x000006d0   Number         4  dl_sysctl_mspm0gx51x.o(.text.DL_SYSCTL_configSYSPLL)
    __arm_cp.0_4                             0x000006d4   Number         4  dl_sysctl_mspm0gx51x.o(.text.DL_SYSCTL_configSYSPLL)
    __arm_cp.0_5                             0x000006d8   Number         4  dl_sysctl_mspm0gx51x.o(.text.DL_SYSCTL_configSYSPLL)
    __arm_cp.0_6                             0x000006dc   Number         4  dl_sysctl_mspm0gx51x.o(.text.DL_SYSCTL_configSYSPLL)
    [Anonymous Symbol]                       0x000006e0   Section        0  dl_sysctl_mspm0gx51x.o(.text.DL_SYSCTL_setHFCLKSourceHFXTParams)
    __arm_cp.7_0                             0x00000748   Number         4  dl_sysctl_mspm0gx51x.o(.text.DL_SYSCTL_setHFCLKSourceHFXTParams)
    __arm_cp.7_1                             0x0000074c   Number         4  dl_sysctl_mspm0gx51x.o(.text.DL_SYSCTL_setHFCLKSourceHFXTParams)
    __arm_cp.7_2                             0x00000750   Number         4  dl_sysctl_mspm0gx51x.o(.text.DL_SYSCTL_setHFCLKSourceHFXTParams)
    [Anonymous Symbol]                       0x00000754   Section        0  dl_sysctl_mspm0gx51x.o(.text.DL_SYSCTL_switchMCLKfromSYSOSCtoHSCLK)
    __arm_cp.4_0                             0x00000774   Number         4  dl_sysctl_mspm0gx51x.o(.text.DL_SYSCTL_switchMCLKfromSYSOSCtoHSCLK)
    __arm_cp.4_1                             0x00000778   Number         4  dl_sysctl_mspm0gx51x.o(.text.DL_SYSCTL_switchMCLKfromSYSOSCtoHSCLK)
    [Anonymous Symbol]                       0x0000077c   Section        0  dl_timer.o(.text.DL_Timer_initFourCCPWMMode)
    __arm_cp.40_1                            0x00000870   Number         4  dl_timer.o(.text.DL_Timer_initFourCCPWMMode)
    __arm_cp.40_2                            0x00000874   Number         4  dl_timer.o(.text.DL_Timer_initFourCCPWMMode)
    __arm_cp.40_4                            0x00000878   Number         4  dl_timer.o(.text.DL_Timer_initFourCCPWMMode)
    __arm_cp.40_5                            0x0000087c   Number         4  dl_timer.o(.text.DL_Timer_initFourCCPWMMode)
    __arm_cp.40_6                            0x00000880   Number         4  dl_timer.o(.text.DL_Timer_initFourCCPWMMode)
    [Anonymous Symbol]                       0x00000884   Section        0  dl_timer.o(.text.DL_Timer_initTimerMode)
    __arm_cp.2_0                             0x00000978   Number         4  dl_timer.o(.text.DL_Timer_initTimerMode)
    __arm_cp.2_1                             0x0000097c   Number         4  dl_timer.o(.text.DL_Timer_initTimerMode)
    __arm_cp.2_2                             0x00000980   Number         4  dl_timer.o(.text.DL_Timer_initTimerMode)
    __arm_cp.2_3                             0x00000984   Number         4  dl_timer.o(.text.DL_Timer_initTimerMode)
    __arm_cp.2_4                             0x00000988   Number         4  dl_timer.o(.text.DL_Timer_initTimerMode)
    [Anonymous Symbol]                       0x0000098c   Section        0  dl_timer.o(.text.DL_Timer_setCaptCompUpdateMethod)
    __arm_cp.23_0                            0x000009a4   Number         4  dl_timer.o(.text.DL_Timer_setCaptCompUpdateMethod)
    [Anonymous Symbol]                       0x000009a8   Section        0  dl_timer.o(.text.DL_Timer_setCaptureCompareOutCtl)
    __arm_cp.27_0                            0x000009bc   Number         4  dl_timer.o(.text.DL_Timer_setCaptureCompareOutCtl)
    [Anonymous Symbol]                       0x000009c0   Section        0  dl_timer.o(.text.DL_Timer_setCaptureCompareValue)
    __arm_cp.3_0                             0x000009cc   Number         4  dl_timer.o(.text.DL_Timer_setCaptureCompareValue)
    [Anonymous Symbol]                       0x000009d0   Section        0  dl_timer.o(.text.DL_Timer_setClockConfig)
    __arm_cp.0_0                             0x000009e8   Number         4  dl_timer.o(.text.DL_Timer_setClockConfig)
    [Anonymous Symbol]                       0x000009ec   Section        0  keyboard.o(.text.KeySCInput)
    __arm_cp.1_1                             0x00000bfc   Number         4  keyboard.o(.text.KeySCInput)
    [Anonymous Symbol]                       0x00000c00   Section        0  keyboard.o(.text.Keyboard_init)
    [Anonymous Symbol]                       0x00000c18   Section        0  oled_spi_v0.2.o(.text.OLED_Clear)
    __arm_cp.4_2                             0x00000d7c   Number         4  oled_spi_v0.2.o(.text.OLED_Clear)
    [Anonymous Symbol]                       0x00000d80   Section        0  oled_spi_v0.2.o(.text.OLED_Init)
    __arm_cp.18_4                            0x00000db0   Number         4  oled_spi_v0.2.o(.text.OLED_Init)
    __arm_cp.18_5                            0x00000db4   Number         4  oled_spi_v0.2.o(.text.OLED_Init)
    __arm_cp.18_6                            0x00000db8   Number         4  oled_spi_v0.2.o(.text.OLED_Init)
    __arm_cp.18_7                            0x00000dbc   Number         4  oled_spi_v0.2.o(.text.OLED_Init)
    [Anonymous Symbol]                       0x00001540   Section        0  oled_spi_v0.2.o(.text.OLED_ShowChar)
    __arm_cp.5_0                             0x00001790   Number         4  oled_spi_v0.2.o(.text.OLED_ShowChar)
    __arm_cp.5_1                             0x00001794   Number         4  oled_spi_v0.2.o(.text.OLED_ShowChar)
    __arm_cp.5_2                             0x00001798   Number         4  oled_spi_v0.2.o(.text.OLED_ShowChar)
    [Anonymous Symbol]                       0x0000179c   Section        0  oled_spi_v0.2.o(.text.OLED_ShowString)
    [Anonymous Symbol]                       0x000017e4   Section        0  ti_msp_dl_config.o(.text.SYSCFG_DL_GPIO_init)
    __arm_cp.2_0                             0x000018c8   Number         4  ti_msp_dl_config.o(.text.SYSCFG_DL_GPIO_init)
    __arm_cp.2_1                             0x000018cc   Number         4  ti_msp_dl_config.o(.text.SYSCFG_DL_GPIO_init)
    __arm_cp.2_2                             0x000018d0   Number         4  ti_msp_dl_config.o(.text.SYSCFG_DL_GPIO_init)
    __arm_cp.2_3                             0x000018d4   Number         4  ti_msp_dl_config.o(.text.SYSCFG_DL_GPIO_init)
    __arm_cp.2_4                             0x000018d8   Number         4  ti_msp_dl_config.o(.text.SYSCFG_DL_GPIO_init)
    __arm_cp.2_5                             0x000018dc   Number         4  ti_msp_dl_config.o(.text.SYSCFG_DL_GPIO_init)
    __arm_cp.2_6                             0x000018e0   Number         4  ti_msp_dl_config.o(.text.SYSCFG_DL_GPIO_init)
    __arm_cp.2_7                             0x000018e4   Number         4  ti_msp_dl_config.o(.text.SYSCFG_DL_GPIO_init)
    __arm_cp.2_8                             0x000018e8   Number         4  ti_msp_dl_config.o(.text.SYSCFG_DL_GPIO_init)
    __arm_cp.2_9                             0x000018ec   Number         4  ti_msp_dl_config.o(.text.SYSCFG_DL_GPIO_init)
    __arm_cp.2_10                            0x000018f0   Number         4  ti_msp_dl_config.o(.text.SYSCFG_DL_GPIO_init)
    __arm_cp.2_11                            0x000018f4   Number         4  ti_msp_dl_config.o(.text.SYSCFG_DL_GPIO_init)
    __arm_cp.2_12                            0x000018f8   Number         4  ti_msp_dl_config.o(.text.SYSCFG_DL_GPIO_init)
    __arm_cp.2_13                            0x000018fc   Number         4  ti_msp_dl_config.o(.text.SYSCFG_DL_GPIO_init)
    [Anonymous Symbol]                       0x00001900   Section        0  ti_msp_dl_config.o(.text.SYSCFG_DL_PWM_0_init)
    __arm_cp.4_0                             0x00001990   Number         4  ti_msp_dl_config.o(.text.SYSCFG_DL_PWM_0_init)
    __arm_cp.4_1                             0x00001994   Number         4  ti_msp_dl_config.o(.text.SYSCFG_DL_PWM_0_init)
    __arm_cp.4_2                             0x00001998   Number         4  ti_msp_dl_config.o(.text.SYSCFG_DL_PWM_0_init)
    __arm_cp.4_3                             0x0000199c   Number         4  ti_msp_dl_config.o(.text.SYSCFG_DL_PWM_0_init)
    __arm_cp.4_4                             0x000019a0   Number         4  ti_msp_dl_config.o(.text.SYSCFG_DL_PWM_0_init)
    __arm_cp.4_5                             0x000019a4   Number         4  ti_msp_dl_config.o(.text.SYSCFG_DL_PWM_0_init)
    __arm_cp.4_6                             0x000019a8   Number         4  ti_msp_dl_config.o(.text.SYSCFG_DL_PWM_0_init)
    [Anonymous Symbol]                       0x000019ac   Section        0  ti_msp_dl_config.o(.text.SYSCFG_DL_SPI_0_init)
    __arm_cp.7_0                             0x000019e4   Number         4  ti_msp_dl_config.o(.text.SYSCFG_DL_SPI_0_init)
    __arm_cp.7_1                             0x000019e8   Number         4  ti_msp_dl_config.o(.text.SYSCFG_DL_SPI_0_init)
    __arm_cp.7_2                             0x000019ec   Number         4  ti_msp_dl_config.o(.text.SYSCFG_DL_SPI_0_init)
    __arm_cp.7_3                             0x000019f0   Number         4  ti_msp_dl_config.o(.text.SYSCFG_DL_SPI_0_init)
    __arm_cp.7_4                             0x000019f4   Number         4  ti_msp_dl_config.o(.text.SYSCFG_DL_SPI_0_init)
    [Anonymous Symbol]                       0x000019f8   Section        0  ti_msp_dl_config.o(.text.SYSCFG_DL_SYSCTL_init)
    __arm_cp.3_0                             0x00001a88   Number         4  ti_msp_dl_config.o(.text.SYSCFG_DL_SYSCTL_init)
    __arm_cp.3_1                             0x00001a8c   Number         4  ti_msp_dl_config.o(.text.SYSCFG_DL_SYSCTL_init)
    __arm_cp.3_2                             0x00001a90   Number         4  ti_msp_dl_config.o(.text.SYSCFG_DL_SYSCTL_init)
    __arm_cp.3_3                             0x00001a94   Number         4  ti_msp_dl_config.o(.text.SYSCFG_DL_SYSCTL_init)
    [Anonymous Symbol]                       0x00001a98   Section        0  ti_msp_dl_config.o(.text.SYSCFG_DL_TIMER_0_init)
    __arm_cp.5_0                             0x00001abc   Number         4  ti_msp_dl_config.o(.text.SYSCFG_DL_TIMER_0_init)
    __arm_cp.5_1                             0x00001ac0   Number         4  ti_msp_dl_config.o(.text.SYSCFG_DL_TIMER_0_init)
    __arm_cp.5_2                             0x00001ac4   Number         4  ti_msp_dl_config.o(.text.SYSCFG_DL_TIMER_0_init)
    __arm_cp.5_3                             0x00001ac8   Number         4  ti_msp_dl_config.o(.text.SYSCFG_DL_TIMER_0_init)
    __arm_cp.5_4                             0x00001acc   Number         4  ti_msp_dl_config.o(.text.SYSCFG_DL_TIMER_0_init)
    [Anonymous Symbol]                       0x00001ad0   Section        0  ti_msp_dl_config.o(.text.SYSCFG_DL_TIMER_1_init)
    __arm_cp.6_0                             0x00001af4   Number         4  ti_msp_dl_config.o(.text.SYSCFG_DL_TIMER_1_init)
    __arm_cp.6_1                             0x00001af8   Number         4  ti_msp_dl_config.o(.text.SYSCFG_DL_TIMER_1_init)
    __arm_cp.6_2                             0x00001afc   Number         4  ti_msp_dl_config.o(.text.SYSCFG_DL_TIMER_1_init)
    __arm_cp.6_3                             0x00001b00   Number         4  ti_msp_dl_config.o(.text.SYSCFG_DL_TIMER_1_init)
    __arm_cp.6_4                             0x00001b04   Number         4  ti_msp_dl_config.o(.text.SYSCFG_DL_TIMER_1_init)
    [Anonymous Symbol]                       0x00001b08   Section        0  ti_msp_dl_config.o(.text.SYSCFG_DL_TRNG_init)
    __arm_cp.8_0                             0x00001b44   Number         4  ti_msp_dl_config.o(.text.SYSCFG_DL_TRNG_init)
    __arm_cp.8_1                             0x00001b48   Number         4  ti_msp_dl_config.o(.text.SYSCFG_DL_TRNG_init)
    [Anonymous Symbol]                       0x00001b4c   Section        0  ti_msp_dl_config.o(.text.SYSCFG_DL_init)
    __arm_cp.0_0                             0x00001b88   Number         4  ti_msp_dl_config.o(.text.SYSCFG_DL_init)
    __arm_cp.0_1                             0x00001b8c   Number         4  ti_msp_dl_config.o(.text.SYSCFG_DL_init)
    __arm_cp.0_2                             0x00001b90   Number         4  ti_msp_dl_config.o(.text.SYSCFG_DL_init)
    __arm_cp.0_3                             0x00001b94   Number         4  ti_msp_dl_config.o(.text.SYSCFG_DL_init)
    [Anonymous Symbol]                       0x00001b98   Section        0  ti_msp_dl_config.o(.text.SYSCFG_DL_initPower)
    __arm_cp.1_0                             0x00001be0   Number         4  ti_msp_dl_config.o(.text.SYSCFG_DL_initPower)
    __arm_cp.1_1                             0x00001be4   Number         4  ti_msp_dl_config.o(.text.SYSCFG_DL_initPower)
    __arm_cp.1_2                             0x00001be8   Number         4  ti_msp_dl_config.o(.text.SYSCFG_DL_initPower)
    __arm_cp.1_3                             0x00001bec   Number         4  ti_msp_dl_config.o(.text.SYSCFG_DL_initPower)
    __arm_cp.1_4                             0x00001bf0   Number         4  ti_msp_dl_config.o(.text.SYSCFG_DL_initPower)
    __arm_cp.1_5                             0x00001bf4   Number         4  ti_msp_dl_config.o(.text.SYSCFG_DL_initPower)
    __arm_cp.1_6                             0x00001bf8   Number         4  ti_msp_dl_config.o(.text.SYSCFG_DL_initPower)
    __arm_cp.1_7                             0x00001bfc   Number         4  ti_msp_dl_config.o(.text.SYSCFG_DL_initPower)
    __arm_cp.1_8                             0x00001c00   Number         4  ti_msp_dl_config.o(.text.SYSCFG_DL_initPower)
    __arm_cp.1_9                             0x00001c04   Number         4  ti_msp_dl_config.o(.text.SYSCFG_DL_initPower)
    [Anonymous Symbol]                       0x00001c08   Section        0  main.o(.text.TIMG7_IRQHandler)
    __arm_cp.21_0                            0x00001c68   Number         4  main.o(.text.TIMG7_IRQHandler)
    __arm_cp.21_1                            0x00001c6c   Number         4  main.o(.text.TIMG7_IRQHandler)
    __arm_cp.21_2                            0x00001c70   Number         4  main.o(.text.TIMG7_IRQHandler)
    [Anonymous Symbol]                       0x00001c74   Section        0  main.o(.text.TIMG8_IRQHandler)
    __arm_cp.23_0                            0x00001ce8   Number         4  main.o(.text.TIMG8_IRQHandler)
    __arm_cp.23_1                            0x00001cec   Number         4  main.o(.text.TIMG8_IRQHandler)
    __arm_cp.23_4                            0x00001cf0   Number         4  main.o(.text.TIMG8_IRQHandler)
    __arm_cp.23_5                            0x00001cf4   Number         4  main.o(.text.TIMG8_IRQHandler)
    __arm_cp.23_6                            0x00001cf8   Number         4  main.o(.text.TIMG8_IRQHandler)
    [Anonymous Symbol]                       0x00001cfc   Section        0  main.o(.text.autoSave)
    __arm_cp.22_1                            0x00001d94   Number         4  main.o(.text.autoSave)
    __arm_cp.22_2                            0x00001d98   Number         4  main.o(.text.autoSave)
    __arm_cp.22_3                            0x00001d9c   Number         4  main.o(.text.autoSave)
    [Anonymous Symbol]                       0x00001da0   Section        0  main.o(.text.check_alarms)
    __arm_cp.5_0                             0x00001e7c   Number         4  main.o(.text.check_alarms)
    __arm_cp.5_1                             0x00001e80   Number         4  main.o(.text.check_alarms)
    __arm_cp.5_3                             0x00001e8c   Number         4  main.o(.text.check_alarms)
    __arm_cp.5_6                             0x00001ea8   Number         4  main.o(.text.check_alarms)
    __arm_cp.5_7                             0x00001eac   Number         4  main.o(.text.check_alarms)
    [Anonymous Symbol]                       0x00001eb0   Section        0  main.o(.text.displayMenuPage1)
    __arm_cp.14_1                            0x00001f88   Number         4  main.o(.text.displayMenuPage1)
    __arm_cp.14_2                            0x00001f8c   Number         4  main.o(.text.displayMenuPage1)
    __arm_cp.14_3                            0x00001f90   Number         4  main.o(.text.displayMenuPage1)
    [Anonymous Symbol]                       0x00001fcc   Section        0  main.o(.text.displayMenuPage2)
    __arm_cp.15_1                            0x00002084   Number         4  main.o(.text.displayMenuPage2)
    __arm_cp.15_2                            0x00002088   Number         4  main.o(.text.displayMenuPage2)
    __arm_cp.15_3                            0x0000208c   Number         4  main.o(.text.displayMenuPage2)
    __arm_cp.15_5                            0x0000209c   Number         4  main.o(.text.displayMenuPage2)
    __arm_cp.15_8                            0x000020b8   Number         4  main.o(.text.displayMenuPage2)
    [Anonymous Symbol]                       0x000020bc   Section        0  main.o(.text.display_alarm_menu)
    __arm_cp.10_0                            0x000021f4   Number         4  main.o(.text.display_alarm_menu)
    __arm_cp.10_1                            0x000021f8   Number         4  main.o(.text.display_alarm_menu)
    __arm_cp.10_3                            0x00002204   Number         4  main.o(.text.display_alarm_menu)
    __arm_cp.10_4                            0x00002208   Number         4  main.o(.text.display_alarm_menu)
    [Anonymous Symbol]                       0x00002268   Section        0  main.o(.text.display_day)
    [Anonymous Symbol]                       0x00002328   Section        0  main.o(.text.display_select_alarm)
    __arm_cp.11_1                            0x00002490   Number         4  main.o(.text.display_select_alarm)
    __arm_cp.11_2                            0x00002494   Number         4  main.o(.text.display_select_alarm)
    __arm_cp.11_3                            0x00002498   Number         4  main.o(.text.display_select_alarm)
    __arm_cp.11_6                            0x000024ac   Number         4  main.o(.text.display_select_alarm)
    [Anonymous Symbol]                       0x000024c4   Section        0  main.o(.text.display_stopwatch)
    __arm_cp.9_1                             0x00002640   Number         4  main.o(.text.display_stopwatch)
    __arm_cp.9_2                             0x00002644   Number         4  main.o(.text.display_stopwatch)
    __arm_cp.9_3                             0x00002648   Number         4  main.o(.text.display_stopwatch)
    __arm_cp.9_6                             0x00002670   Number         4  main.o(.text.display_stopwatch)
    [Anonymous Symbol]                       0x000026bc   Section        0  main.o(.text.display_time)
    __arm_cp.6_0                             0x000027ec   Number         4  main.o(.text.display_time)
    [Anonymous Symbol]                       0x000027f0   Section        0  main.o(.text.main)
    __arm_cp.24_24                           0x000029a4   Number         4  main.o(.text.main)
    __arm_cp.24_25                           0x000029a8   Number         4  main.o(.text.main)
    __arm_cp.24_26                           0x000029ac   Number         4  main.o(.text.main)
    __arm_cp.24_27                           0x000029b0   Number         4  main.o(.text.main)
    __arm_cp.24_28                           0x000029b4   Number         4  main.o(.text.main)
    __arm_cp.24_29                           0x000029b8   Number         4  main.o(.text.main)
    __arm_cp.24_30                           0x000029bc   Number         4  main.o(.text.main)
    __arm_cp.24_31                           0x000029c0   Number         4  main.o(.text.main)
    __arm_cp.24_32                           0x000029c4   Number         4  main.o(.text.main)
    __arm_cp.24_7                            0x00002e0c   Number         4  main.o(.text.main)
    __arm_cp.24_8                            0x00002e10   Number         4  main.o(.text.main)
    __arm_cp.24_10                           0x00002e14   Number         4  main.o(.text.main)
    __arm_cp.24_11                           0x00002e18   Number         4  main.o(.text.main)
    __arm_cp.24_12                           0x00002e1c   Number         4  main.o(.text.main)
    __arm_cp.24_13                           0x00002e20   Number         4  main.o(.text.main)
    __arm_cp.24_14                           0x00002e24   Number         4  main.o(.text.main)
    __arm_cp.24_15                           0x00002e28   Number         4  main.o(.text.main)
    __arm_cp.24_16                           0x00002e2c   Number         4  main.o(.text.main)
    __arm_cp.24_17                           0x00002e30   Number         4  main.o(.text.main)
    __arm_cp.24_18                           0x00002e34   Number         4  main.o(.text.main)
    __arm_cp.24_19                           0x00002e38   Number         4  main.o(.text.main)
    __arm_cp.24_21                           0x00002e3c   Number         4  main.o(.text.main)
    __arm_cp.24_22                           0x00002e40   Number         4  main.o(.text.main)
    [Anonymous Symbol]                       0x00002e44   Section        0  musicplayer.o(.text.playMusic)
    __arm_cp.4_0                             0x00002edc   Number         4  musicplayer.o(.text.playMusic)
    __arm_cp.4_1                             0x00002ee0   Number         4  musicplayer.o(.text.playMusic)
    __arm_cp.4_2                             0x00002ee4   Number         4  musicplayer.o(.text.playMusic)
    __arm_cp.4_3                             0x00002ee8   Number         4  musicplayer.o(.text.playMusic)
    __arm_cp.4_4                             0x00002eec   Number         4  musicplayer.o(.text.playMusic)
    [Anonymous Symbol]                       0x00002ef0   Section        0  main.o(.text.saveTime)
    __arm_cp.20_1                            0x00002fd4   Number         4  main.o(.text.saveTime)
    __arm_cp.20_2                            0x00002fd8   Number         4  main.o(.text.saveTime)
    __arm_cp.20_3                            0x00002fdc   Number         4  main.o(.text.saveTime)
    __arm_cp.20_4                            0x00002fe0   Number         4  main.o(.text.saveTime)
    __arm_cp.20_5                            0x00002fe4   Number         4  main.o(.text.saveTime)
    __arm_cp.20_9                            0x00002fe8   Number         4  main.o(.text.saveTime)
    [Anonymous Symbol]                       0x00002fec   Section        0  main.o(.text.setDate)
    __arm_cp.19_1                            0x0000332c   Number         4  main.o(.text.setDate)
    __arm_cp.19_2                            0x00003330   Number         4  main.o(.text.setDate)
    __arm_cp.19_3                            0x00003334   Number         4  main.o(.text.setDate)
    __arm_cp.19_4                            0x00003338   Number         4  main.o(.text.setDate)
    __arm_cp.19_5                            0x0000333c   Number         4  main.o(.text.setDate)
    __arm_cp.19_7                            0x0000334c   Number         4  main.o(.text.setDate)
    __arm_cp.19_8                            0x00003350   Number         4  main.o(.text.setDate)
    __arm_cp.19_9                            0x00003354   Number         4  main.o(.text.setDate)
    __arm_cp.19_10                           0x00003358   Number         4  main.o(.text.setDate)
    __arm_cp.19_11                           0x0000335c   Number         4  main.o(.text.setDate)
    __arm_cp.19_12                           0x00003360   Number         4  main.o(.text.setDate)
    __arm_cp.19_13                           0x00003364   Number         4  main.o(.text.setDate)
    [Anonymous Symbol]                       0x00003368   Section        0  main.o(.text.setTime)
    __arm_cp.18_1                            0x000035e0   Number         4  main.o(.text.setTime)
    __arm_cp.18_2                            0x000035e4   Number         4  main.o(.text.setTime)
    __arm_cp.18_3                            0x000035e8   Number         4  main.o(.text.setTime)
    __arm_cp.18_4                            0x000035ec   Number         4  main.o(.text.setTime)
    __arm_cp.18_5                            0x000035f0   Number         4  main.o(.text.setTime)
    __arm_cp.18_6                            0x000035f4   Number         4  main.o(.text.setTime)
    __arm_cp.18_11                           0x0000361c   Number         4  main.o(.text.setTime)
    __arm_cp.18_12                           0x00003620   Number         4  main.o(.text.setTime)
    [Anonymous Symbol]                       0x00003624   Section        0  main.o(.text.set_alarm_music)
    __arm_cp.13_0                            0x00003710   Number         4  main.o(.text.set_alarm_music)
    __arm_cp.13_2                            0x00003724   Number         4  main.o(.text.set_alarm_music)
    __arm_cp.13_5                            0x00003734   Number         4  main.o(.text.set_alarm_music)
    [Anonymous Symbol]                       0x00003738   Section        0  main.o(.text.set_alarm_time)
    __arm_cp.12_3                            0x00003924   Number         4  main.o(.text.set_alarm_time)
    __arm_cp.12_4                            0x00003928   Number         4  main.o(.text.set_alarm_time)
    __arm_cp.12_5                            0x0000392c   Number         4  main.o(.text.set_alarm_time)
    __arm_cp.12_6                            0x00003930   Number         4  main.o(.text.set_alarm_time)
    __arm_cp.12_7                            0x00003934   Number         4  main.o(.text.set_alarm_time)
    __arm_cp.12_9                            0x00003944   Number         4  main.o(.text.set_alarm_time)
    [Anonymous Symbol]                       0x00003948   Section        0  main.o(.text.updateTime)
    __arm_cp.3_0                             0x00003a1c   Number         4  main.o(.text.updateTime)
    __arm_cp.3_1                             0x00003a20   Number         4  main.o(.text.updateTime)
    __arm_cp.3_2                             0x00003a24   Number         4  main.o(.text.updateTime)
    __arm_cp.3_3                             0x00003a28   Number         4  main.o(.text.updateTime)
    __arm_cp.3_4                             0x00003a2c   Number         4  main.o(.text.updateTime)
    .text_divfast                            0x00003a30   Section      502  aeabi_sdivfast.o(.text_divfast)
    Long Thumb to Thumb Veneer to DL_FlashCTL_executeCommandFromRAM 0x00003c29   Thumb Code    12  anon$$obj.o(Veneer$$Code)
    [Anonymous Symbol]                       0x00003c34   Section        0  main.o(.rodata..L__const.display_weekday.wd)
    gPWM_0ClockConfig                        0x0000407c   Data           3  ti_msp_dl_config.o(.rodata.gPWM_0ClockConfig)
    [Anonymous Symbol]                       0x0000407c   Section        0  ti_msp_dl_config.o(.rodata.gPWM_0ClockConfig)
    gPWM_0Config                             0x00004080   Data           8  ti_msp_dl_config.o(.rodata.gPWM_0Config)
    [Anonymous Symbol]                       0x00004080   Section        0  ti_msp_dl_config.o(.rodata.gPWM_0Config)
    gSPI_0_clockConfig                       0x00004088   Data           2  ti_msp_dl_config.o(.rodata.gSPI_0_clockConfig)
    [Anonymous Symbol]                       0x00004088   Section        0  ti_msp_dl_config.o(.rodata.gSPI_0_clockConfig)
    gSPI_0_config                            0x0000408a   Data          10  ti_msp_dl_config.o(.rodata.gSPI_0_config)
    [Anonymous Symbol]                       0x0000408a   Section        0  ti_msp_dl_config.o(.rodata.gSPI_0_config)
    gSYSPLLConfig                            0x00004094   Data          40  ti_msp_dl_config.o(.rodata.gSYSPLLConfig)
    [Anonymous Symbol]                       0x00004094   Section        0  ti_msp_dl_config.o(.rodata.gSYSPLLConfig)
    gTIMER_0ClockConfig                      0x000040bc   Data           3  ti_msp_dl_config.o(.rodata.gTIMER_0ClockConfig)
    [Anonymous Symbol]                       0x000040bc   Section        0  ti_msp_dl_config.o(.rodata.gTIMER_0ClockConfig)
    gTIMER_0TimerConfig                      0x000040c0   Data          20  ti_msp_dl_config.o(.rodata.gTIMER_0TimerConfig)
    [Anonymous Symbol]                       0x000040c0   Section        0  ti_msp_dl_config.o(.rodata.gTIMER_0TimerConfig)
    gTIMER_1ClockConfig                      0x000040d4   Data           3  ti_msp_dl_config.o(.rodata.gTIMER_1ClockConfig)
    [Anonymous Symbol]                       0x000040d4   Section        0  ti_msp_dl_config.o(.rodata.gTIMER_1ClockConfig)
    gTIMER_1TimerConfig                      0x000040d8   Data          20  ti_msp_dl_config.o(.rodata.gTIMER_1TimerConfig)
    [Anonymous Symbol]                       0x000040d8   Section        0  ti_msp_dl_config.o(.rodata.gTIMER_1TimerConfig)
    [Anonymous Symbol]                       0x000040ec   Section        0  main.o(.rodata.str1.1)
    [Anonymous Symbol]                       0x00004184   Section        0  main.o(.rodata.str4.4)
    DL_FlashCTL_executeCommandFromRAM        0x20200001   Thumb Code    52  dl_flashctl.o(.ramfunc)
    [Anonymous Symbol]                       0x20200000   Section        0  dl_flashctl.o(.ramfunc)
    __arm_cp.2_0                             0x20200030   Number         4  dl_flashctl.o(.ramfunc)
    .bss                                     0x202000c0   Section       96  libspace.o(.bss)
    Heap_Mem                                 0x202006e0   Data           0  startup_mspm0g351x_uvision.o(HEAP)
    Stack_Mem                                0x202006e0   Data         256  startup_mspm0g351x_uvision.o(STACK)
    HEAP                                     0x202006e0   Section        0  startup_mspm0g351x_uvision.o(HEAP)
    STACK                                    0x202006e0   Section      256  startup_mspm0g351x_uvision.o(STACK)
    __initial_sp                             0x202007e0   Data           0  startup_mspm0g351x_uvision.o(STACK)

    Global Symbols

    Symbol Name                              Value     Ov Type        Size  Object(Section)

    BuildAttributes$$THM_ISAv3M$S$PE$A:L22$X:L11$S22$IEEE1$IW$~IW$USESV6$~STKCKD$USESV7$~SHL$OTIME$ROPI$EBA8$UX$STANDARDLIB$REQ8$PRES8$EABIv2 0x00000000   Number         0  anon$$obj.o ABSOLUTE
    __Vectors                                0x00000000   Data           4  startup_mspm0g351x_uvision.o(RESET)
    __ARM_exceptions_init                     - Undefined Weak Reference
    __alloca_initialize                       - Undefined Weak Reference
    __arm_preinit_                            - Undefined Weak Reference
    __arm_relocate_pie_                       - Undefined Weak Reference
    __cpp_initialize__aeabi_                  - Undefined Weak Reference
    __cxa_finalize                            - Undefined Weak Reference
    __rt_locale                               - Undefined Weak Reference
    __sigvec_lookup                           - Undefined Weak Reference
    _atexit_init                              - Undefined Weak Reference
    _call_atexit_fns                          - Undefined Weak Reference
    _clock_init                               - Undefined Weak Reference
    _fp_trap_init                             - Undefined Weak Reference
    _fp_trap_shutdown                         - Undefined Weak Reference
    _get_lc_collate                           - Undefined Weak Reference
    _get_lc_ctype                             - Undefined Weak Reference
    _get_lc_monetary                          - Undefined Weak Reference
    _get_lc_numeric                           - Undefined Weak Reference
    _get_lc_time                              - Undefined Weak Reference
    _getenv_init                              - Undefined Weak Reference
    _handle_redirection                       - Undefined Weak Reference
    _init_alloc                               - Undefined Weak Reference
    _init_user_alloc                          - Undefined Weak Reference
    _initio                                   - Undefined Weak Reference
    _rand_init                                - Undefined Weak Reference
    _signal_finish                            - Undefined Weak Reference
    _signal_init                              - Undefined Weak Reference
    _terminate_alloc                          - Undefined Weak Reference
    _terminate_user_alloc                     - Undefined Weak Reference
    _terminateio                              - Undefined Weak Reference
    __Vectors_End                            0x000000c0   Data           0  startup_mspm0g351x_uvision.o(RESET)
    __Vectors_Size                           0x000000c0   Number         0  startup_mspm0g351x_uvision.o ABSOLUTE
    __main                                   0x000000c1   Thumb Code     8  __main.o(!!!main)
    __scatterload                            0x000000c9   Thumb Code     0  __scatter.o(!!!scatter)
    __scatterload_rt2                        0x000000c9   Thumb Code    74  __scatter.o(!!!scatter)
    __scatterload_rt2_thumb_only             0x000000c9   Thumb Code     0  __scatter.o(!!!scatter)
    __scatterload_loop                       0x000000d3   Thumb Code     0  __scatter.o(!!!scatter)
    __scatterload_copy                       0x00000121   Thumb Code    26  __scatter_copy.o(!!handler_copy)
    __scatterload_null                       0x00000141   Thumb Code     2  __scatter.o(!!handler_null)
    __scatterload_zeroinit                   0x00000149   Thumb Code    28  __scatter_zi.o(!!handler_zi)
    __rt_lib_init                            0x00000165   Thumb Code     0  libinit.o(.ARM.Collect$$libinit$$00000000)
    __rt_lib_init_alloca_1                   0x00000167   Thumb Code     0  libinit2.o(.ARM.Collect$$libinit$$00000030)
    __rt_lib_init_argv_1                     0x00000167   Thumb Code     0  libinit2.o(.ARM.Collect$$libinit$$0000002E)
    __rt_lib_init_atexit_1                   0x00000167   Thumb Code     0  libinit2.o(.ARM.Collect$$libinit$$0000001D)
    __rt_lib_init_clock_1                    0x00000167   Thumb Code     0  libinit2.o(.ARM.Collect$$libinit$$00000023)
    __rt_lib_init_cpp_1                      0x00000167   Thumb Code     0  libinit2.o(.ARM.Collect$$libinit$$00000034)
    __rt_lib_init_exceptions_1               0x00000167   Thumb Code     0  libinit2.o(.ARM.Collect$$libinit$$00000032)
    __rt_lib_init_fp_1                       0x00000167   Thumb Code     0  libinit2.o(.ARM.Collect$$libinit$$00000002)
    __rt_lib_init_fp_trap_1                  0x00000167   Thumb Code     0  libinit2.o(.ARM.Collect$$libinit$$00000021)
    __rt_lib_init_getenv_1                   0x00000167   Thumb Code     0  libinit2.o(.ARM.Collect$$libinit$$00000025)
    __rt_lib_init_heap_1                     0x00000167   Thumb Code     0  libinit2.o(.ARM.Collect$$libinit$$0000000C)
    __rt_lib_init_lc_collate_1               0x00000167   Thumb Code     0  libinit2.o(.ARM.Collect$$libinit$$00000013)
    __rt_lib_init_lc_ctype_1                 0x00000167   Thumb Code     0  libinit2.o(.ARM.Collect$$libinit$$00000015)
    __rt_lib_init_lc_monetary_1              0x00000167   Thumb Code     0  libinit2.o(.ARM.Collect$$libinit$$00000017)
    __rt_lib_init_lc_numeric_1               0x00000167   Thumb Code     0  libinit2.o(.ARM.Collect$$libinit$$00000019)
    __rt_lib_init_lc_time_1                  0x00000167   Thumb Code     0  libinit2.o(.ARM.Collect$$libinit$$0000001B)
    __rt_lib_init_preinit_1                  0x00000167   Thumb Code     0  libinit2.o(.ARM.Collect$$libinit$$00000006)
    __rt_lib_init_rand_1                     0x00000167   Thumb Code     0  libinit2.o(.ARM.Collect$$libinit$$00000010)
    __rt_lib_init_relocate_pie_1             0x00000167   Thumb Code     0  libinit2.o(.ARM.Collect$$libinit$$00000004)
    __rt_lib_init_return                     0x00000167   Thumb Code     0  libinit2.o(.ARM.Collect$$libinit$$00000035)
    __rt_lib_init_signal_1                   0x00000167   Thumb Code     0  libinit2.o(.ARM.Collect$$libinit$$0000001F)
    __rt_lib_init_stdio_1                    0x00000167   Thumb Code     0  libinit2.o(.ARM.Collect$$libinit$$00000027)
    __rt_lib_init_user_alloc_1               0x00000167   Thumb Code     0  libinit2.o(.ARM.Collect$$libinit$$0000000E)
    __rt_lib_shutdown                        0x00000169   Thumb Code     0  libshutdown.o(.ARM.Collect$$libshutdown$$00000000)
    __rt_lib_shutdown_cpp_1                  0x0000016b   Thumb Code     0  libshutdown2.o(.ARM.Collect$$libshutdown$$00000002)
    __rt_lib_shutdown_fp_trap_1              0x0000016b   Thumb Code     0  libshutdown2.o(.ARM.Collect$$libshutdown$$00000007)
    __rt_lib_shutdown_heap_1                 0x0000016b   Thumb Code     0  libshutdown2.o(.ARM.Collect$$libshutdown$$0000000F)
    __rt_lib_shutdown_return                 0x0000016b   Thumb Code     0  libshutdown2.o(.ARM.Collect$$libshutdown$$00000010)
    __rt_lib_shutdown_signal_1               0x0000016b   Thumb Code     0  libshutdown2.o(.ARM.Collect$$libshutdown$$0000000A)
    __rt_lib_shutdown_stdio_1                0x0000016b   Thumb Code     0  libshutdown2.o(.ARM.Collect$$libshutdown$$00000004)
    __rt_lib_shutdown_user_alloc_1           0x0000016b   Thumb Code     0  libshutdown2.o(.ARM.Collect$$libshutdown$$0000000C)
    __rt_entry                               0x0000016d   Thumb Code     0  __rtentry.o(.ARM.Collect$$rtentry$$00000000)
    __rt_entry_presh_1                       0x0000016d   Thumb Code     0  __rtentry2.o(.ARM.Collect$$rtentry$$00000002)
    __rt_entry_sh                            0x0000016d   Thumb Code     0  __rtentry4.o(.ARM.Collect$$rtentry$$00000004)
    __rt_entry_li                            0x00000173   Thumb Code     0  __rtentry2.o(.ARM.Collect$$rtentry$$0000000A)
    __rt_entry_postsh_1                      0x00000173   Thumb Code     0  __rtentry2.o(.ARM.Collect$$rtentry$$00000009)
    __rt_entry_main                          0x00000177   Thumb Code     0  __rtentry2.o(.ARM.Collect$$rtentry$$0000000D)
    __rt_entry_postli_1                      0x00000177   Thumb Code     0  __rtentry2.o(.ARM.Collect$$rtentry$$0000000C)
    __rt_exit                                0x0000017f   Thumb Code     0  rtexit.o(.ARM.Collect$$rtexit$$00000000)
    __rt_exit_ls                             0x00000181   Thumb Code     0  rtexit2.o(.ARM.Collect$$rtexit$$00000003)
    __rt_exit_prels_1                        0x00000181   Thumb Code     0  rtexit2.o(.ARM.Collect$$rtexit$$00000002)
    __rt_exit_exit                           0x00000185   Thumb Code     0  rtexit2.o(.ARM.Collect$$rtexit$$00000004)
    Reset_Handler                            0x0000018d   Thumb Code     4  startup_mspm0g351x_uvision.o(.text)
    NMI_Handler                              0x00000191   Thumb Code     2  startup_mspm0g351x_uvision.o(.text)
    HardFault_Handler                        0x00000193   Thumb Code     2  startup_mspm0g351x_uvision.o(.text)
    SVC_Handler                              0x00000195   Thumb Code     2  startup_mspm0g351x_uvision.o(.text)
    PendSV_Handler                           0x00000197   Thumb Code     2  startup_mspm0g351x_uvision.o(.text)
    SysTick_Handler                          0x00000199   Thumb Code     2  startup_mspm0g351x_uvision.o(.text)
    ADC0_IRQHandler                          0x0000019b   Thumb Code     0  startup_mspm0g351x_uvision.o(.text)
    ADC1_IRQHandler                          0x0000019b   Thumb Code     0  startup_mspm0g351x_uvision.o(.text)
    AESADV_IRQHandler                        0x0000019b   Thumb Code     0  startup_mspm0g351x_uvision.o(.text)
    CANFD0_IRQHandler                        0x0000019b   Thumb Code     0  startup_mspm0g351x_uvision.o(.text)
    CANFD1_IRQHandler                        0x0000019b   Thumb Code     0  startup_mspm0g351x_uvision.o(.text)
    DAC0_IRQHandler                          0x0000019b   Thumb Code     0  startup_mspm0g351x_uvision.o(.text)
    DMA_IRQHandler                           0x0000019b   Thumb Code     0  startup_mspm0g351x_uvision.o(.text)
    Default_Handler                          0x0000019b   Thumb Code     2  startup_mspm0g351x_uvision.o(.text)
    GROUP0_IRQHandler                        0x0000019b   Thumb Code     0  startup_mspm0g351x_uvision.o(.text)
    GROUP1_IRQHandler                        0x0000019b   Thumb Code     0  startup_mspm0g351x_uvision.o(.text)
    I2C0_IRQHandler                          0x0000019b   Thumb Code     0  startup_mspm0g351x_uvision.o(.text)
    I2C1_IRQHandler                          0x0000019b   Thumb Code     0  startup_mspm0g351x_uvision.o(.text)
    I2C2_IRQHandler                          0x0000019b   Thumb Code     0  startup_mspm0g351x_uvision.o(.text)
    LFSS_IRQHandler                          0x0000019b   Thumb Code     0  startup_mspm0g351x_uvision.o(.text)
    SPI0_IRQHandler                          0x0000019b   Thumb Code     0  startup_mspm0g351x_uvision.o(.text)
    SPI1_IRQHandler                          0x0000019b   Thumb Code     0  startup_mspm0g351x_uvision.o(.text)
    SPI2_IRQHandler                          0x0000019b   Thumb Code     0  startup_mspm0g351x_uvision.o(.text)
    TIMA0_IRQHandler                         0x0000019b   Thumb Code     0  startup_mspm0g351x_uvision.o(.text)
    TIMA1_IRQHandler                         0x0000019b   Thumb Code     0  startup_mspm0g351x_uvision.o(.text)
    TIMG0_IRQHandler                         0x0000019b   Thumb Code     0  startup_mspm0g351x_uvision.o(.text)
    TIMG12_IRQHandler                        0x0000019b   Thumb Code     0  startup_mspm0g351x_uvision.o(.text)
    TIMG14_IRQHandler                        0x0000019b   Thumb Code     0  startup_mspm0g351x_uvision.o(.text)
    TIMG6_IRQHandler                         0x0000019b   Thumb Code     0  startup_mspm0g351x_uvision.o(.text)
    TIMG9_IRQHandler                         0x0000019b   Thumb Code     0  startup_mspm0g351x_uvision.o(.text)
    UART0_IRQHandler                         0x0000019b   Thumb Code     0  startup_mspm0g351x_uvision.o(.text)
    UART1_IRQHandler                         0x0000019b   Thumb Code     0  startup_mspm0g351x_uvision.o(.text)
    UART3_IRQHandler                         0x0000019b   Thumb Code     0  startup_mspm0g351x_uvision.o(.text)
    UART4_IRQHandler                         0x0000019b   Thumb Code     0  startup_mspm0g351x_uvision.o(.text)
    UART5_IRQHandler                         0x0000019b   Thumb Code     0  startup_mspm0g351x_uvision.o(.text)
    UART6_IRQHandler                         0x0000019b   Thumb Code     0  startup_mspm0g351x_uvision.o(.text)
    UART7_IRQHandler                         0x0000019b   Thumb Code     0  startup_mspm0g351x_uvision.o(.text)
    __user_initial_stackheap                 0x0000019d   Thumb Code    10  startup_mspm0g351x_uvision.o(.text)
    _memset_w                                0x000001b9   Thumb Code    26  rt_memclr.o(.text)
    _memset                                  0x000001d3   Thumb Code    30  rt_memclr.o(.text)
    __aeabi_memclr                           0x000001f1   Thumb Code     4  rt_memclr.o(.text)
    __rt_memclr                              0x000001f1   Thumb Code     0  rt_memclr.o(.text)
    __aeabi_memclr4                          0x000001f5   Thumb Code     0  rt_memclr.o(.text)
    __aeabi_memclr8                          0x000001f5   Thumb Code     0  rt_memclr.o(.text)
    __rt_memclr_w                            0x000001f5   Thumb Code     4  rt_memclr.o(.text)
    __aeabi_uidivmod                         0x000001f9   Thumb Code    28  aeabi_sdivfast.o(.text)
    __aeabi_idivmod                          0x00000215   Thumb Code   472  aeabi_sdivfast.o(.text)
    __use_two_region_memory                  0x000003f1   Thumb Code     2  heapauxi.o(.text)
    __rt_heap_escrow$2region                 0x000003f3   Thumb Code     2  heapauxi.o(.text)
    __rt_heap_expand$2region                 0x000003f5   Thumb Code     2  heapauxi.o(.text)
    __user_setup_stackheap                   0x000003f7   Thumb Code    62  sys_stackheap_outer.o(.text)
    exit                                     0x00000435   Thumb Code    16  exit.o(.text)
    __user_libspace                          0x00000445   Thumb Code     8  libspace.o(.text)
    __user_perproc_libspace                  0x00000445   Thumb Code     0  libspace.o(.text)
    __user_perthread_libspace                0x00000445   Thumb Code     0  libspace.o(.text)
    _sys_exit                                0x0000044d   Thumb Code     8  sys_exit.o(.text)
    __I$use$semihosting                      0x00000459   Thumb Code     0  use_no_semi.o(.text)
    __use_no_semihosting_swi                 0x00000459   Thumb Code     2  use_no_semi.o(.text)
    __semihosting_library_function           0x0000045b   Thumb Code     0  indicate_semi.o(.text)
    BuzzDisabled                             0x0000045d   Thumb Code    28  musicplayer.o(.text.BuzzDisabled)
    DL_Common_delayCycles                    0x00000481   Thumb Code    10  dl_common.o(.text.DL_Common_delayCycles)
    DL_FactoryRegion_initTrimTable           0x0000048d   Thumb Code    84  dl_factoryregion.o(.text.DL_FactoryRegion_initTrimTable)
    DL_FlashCTL_eraseMemoryFromRAM           0x000004e1   Thumb Code    20  dl_flashctl.o(.text.DL_FlashCTL_eraseMemoryFromRAM)
    DL_FlashCTL_programMemoryFromRAM32WithECCGenerated 0x000004f5   Thumb Code    32  dl_flashctl.o(.text.DL_FlashCTL_programMemoryFromRAM32WithECCGenerated)
    DL_FlashCTL_unprotectSector              0x00000515   Thumb Code   160  dl_flashctl.o(.text.DL_FlashCTL_unprotectSector)
    DL_SPI_init                              0x000005b5   Thumb Code    68  dl_spi.o(.text.DL_SPI_init)
    DL_SPI_setClockConfig                    0x000005f9   Thumb Code    18  dl_spi.o(.text.DL_SPI_setClockConfig)
    DL_SYSCTL_configSYSPLL                   0x0000060d   Thumb Code   212  dl_sysctl_mspm0gx51x.o(.text.DL_SYSCTL_configSYSPLL)
    DL_SYSCTL_setHFCLKSourceHFXTParams       0x000006e1   Thumb Code   116  dl_sysctl_mspm0gx51x.o(.text.DL_SYSCTL_setHFCLKSourceHFXTParams)
    DL_SYSCTL_switchMCLKfromSYSOSCtoHSCLK    0x00000755   Thumb Code    40  dl_sysctl_mspm0gx51x.o(.text.DL_SYSCTL_switchMCLKfromSYSOSCtoHSCLK)
    DL_Timer_initFourCCPWMMode               0x0000077d   Thumb Code   264  dl_timer.o(.text.DL_Timer_initFourCCPWMMode)
    DL_Timer_initTimerMode                   0x00000885   Thumb Code   264  dl_timer.o(.text.DL_Timer_initTimerMode)
    DL_Timer_setCaptCompUpdateMethod         0x0000098d   Thumb Code    28  dl_timer.o(.text.DL_Timer_setCaptCompUpdateMethod)
    DL_Timer_setCaptureCompareOutCtl         0x000009a9   Thumb Code    24  dl_timer.o(.text.DL_Timer_setCaptureCompareOutCtl)
    DL_Timer_setCaptureCompareValue          0x000009c1   Thumb Code    16  dl_timer.o(.text.DL_Timer_setCaptureCompareValue)
    DL_Timer_setClockConfig                  0x000009d1   Thumb Code    28  dl_timer.o(.text.DL_Timer_setClockConfig)
    KeySCInput                               0x000009ed   Thumb Code   528  keyboard.o(.text.KeySCInput)
    Keyboard_init                            0x00000c01   Thumb Code    24  keyboard.o(.text.Keyboard_init)
    OLED_Clear                               0x00000c19   Thumb Code   356  oled_spi_v0.2.o(.text.OLED_Clear)
    OLED_Init                                0x00000d81   Thumb Code  1984  oled_spi_v0.2.o(.text.OLED_Init)
    OLED_ShowChar                            0x00001541   Thumb Code   592  oled_spi_v0.2.o(.text.OLED_ShowChar)
    OLED_ShowString                          0x0000179d   Thumb Code    70  oled_spi_v0.2.o(.text.OLED_ShowString)
    SYSCFG_DL_GPIO_init                      0x000017e5   Thumb Code   228  ti_msp_dl_config.o(.text.SYSCFG_DL_GPIO_init)
    SYSCFG_DL_PWM_0_init                     0x00001901   Thumb Code   144  ti_msp_dl_config.o(.text.SYSCFG_DL_PWM_0_init)
    SYSCFG_DL_SPI_0_init                     0x000019ad   Thumb Code    56  ti_msp_dl_config.o(.text.SYSCFG_DL_SPI_0_init)
    SYSCFG_DL_SYSCTL_init                    0x000019f9   Thumb Code   144  ti_msp_dl_config.o(.text.SYSCFG_DL_SYSCTL_init)
    SYSCFG_DL_TIMER_0_init                   0x00001a99   Thumb Code    36  ti_msp_dl_config.o(.text.SYSCFG_DL_TIMER_0_init)
    SYSCFG_DL_TIMER_1_init                   0x00001ad1   Thumb Code    36  ti_msp_dl_config.o(.text.SYSCFG_DL_TIMER_1_init)
    SYSCFG_DL_TRNG_init                      0x00001b09   Thumb Code    60  ti_msp_dl_config.o(.text.SYSCFG_DL_TRNG_init)
    SYSCFG_DL_init                           0x00001b4d   Thumb Code    60  ti_msp_dl_config.o(.text.SYSCFG_DL_init)
    SYSCFG_DL_initPower                      0x00001b99   Thumb Code    72  ti_msp_dl_config.o(.text.SYSCFG_DL_initPower)
    TIMG7_IRQHandler                         0x00001c09   Thumb Code    96  main.o(.text.TIMG7_IRQHandler)
    TIMG8_IRQHandler                         0x00001c75   Thumb Code   116  main.o(.text.TIMG8_IRQHandler)
    autoSave                                 0x00001cfd   Thumb Code   152  main.o(.text.autoSave)
    check_alarms                             0x00001da1   Thumb Code   220  main.o(.text.check_alarms)
    displayMenuPage1                         0x00001eb1   Thumb Code   200  main.o(.text.displayMenuPage1)
    displayMenuPage2                         0x00001fcd   Thumb Code   168  main.o(.text.displayMenuPage2)
    display_alarm_menu                       0x000020bd   Thumb Code   312  main.o(.text.display_alarm_menu)
    display_day                              0x00002269   Thumb Code   190  main.o(.text.display_day)
    display_select_alarm                     0x00002329   Thumb Code   344  main.o(.text.display_select_alarm)
    display_stopwatch                        0x000024c5   Thumb Code   368  main.o(.text.display_stopwatch)
    display_time                             0x000026bd   Thumb Code   304  main.o(.text.display_time)
    main                                     0x000027f1   Thumb Code  1564  main.o(.text.main)
    playMusic                                0x00002e45   Thumb Code   152  musicplayer.o(.text.playMusic)
    saveTime                                 0x00002ef1   Thumb Code   216  main.o(.text.saveTime)
    setDate                                  0x00002fed   Thumb Code   820  main.o(.text.setDate)
    setTime                                  0x00003369   Thumb Code   624  main.o(.text.setTime)
    set_alarm_music                          0x00003625   Thumb Code   236  main.o(.text.set_alarm_music)
    set_alarm_time                           0x00003739   Thumb Code   440  main.o(.text.set_alarm_time)
    updateTime                               0x00003949   Thumb Code   212  main.o(.text.updateTime)
    __aeabi_uidiv                            0x00003a31   Thumb Code    68  aeabi_sdivfast.o(.text_divfast)
    __aeabi_idiv                             0x00003a75   Thumb Code   434  aeabi_sdivfast.o(.text_divfast)
    F6x8                                     0x00003c50   Data         552  oled_spi_v0.2.o(.rodata.F6x8)
    FunkyStar                                0x00003e78   Data         304  main.o(.rodata.FunkyStar)
    Haruhikage                               0x00003fa8   Data         164  main.o(.rodata.Haruhikage)
    days                                     0x0000404c   Data          48  main.o(.rodata.days)
    Region$$Table$$Base                      0x000041c0   Number         0  anon$$obj.o(Region$$Table)
    Region$$Table$$Limit                     0x000041f0   Number         0  anon$$obj.o(Region$$Table)
    DL_FACTORYREGION_TrimTable               0x20200034   Data          68  dl_factoryregion.o(.TrimTable)
    FACTORYVALUE                             0x20200078   Data           4  dl_factoryregion.o(.data.FACTORYVALUE)
    alarms                                   0x2020007c   Data          30  main.o(.data.alarms)
    currentMenuPage                          0x2020009c   Data           4  main.o(.data.currentMenuPage)
    currentSettingPage1                      0x202000a0   Data           1  main.o(.data.currentSettingPage1)
    currentSettingPage2                      0x202000a1   Data           1  main.o(.data.currentSettingPage2)
    music_names                              0x202000a4   Data          12  main.o(.data.music_names)
    stopwatch                                0x202000b0   Data          10  main.o(.data.stopwatch)
    __libspace_start                         0x202000c0   Data          96  libspace.o(.bss)
    OLED_GRAM                                0x20200120   Data        1040  oled_spi_v0.2.o(.bss.OLED_GRAM)
    __temporary_stack_top$libspace           0x20200120   Data           0  libspace.o(.bss)
    currentForm                              0x20200530   Data           1  main.o(.bss.currentForm)
    currentState                             0x20200531   Data           1  main.o(.bss.currentState)
    date                                     0x20200532   Data           8  main.o(.bss.date)
    gCmdStatus                               0x2020053a   Data           1  main.o(.bss.gCmdStatus)
    gPWM_0Backup                             0x2020053c   Data         188  ti_msp_dl_config.o(.bss.gPWM_0Backup)
    gSPI_0Backup                             0x202005f8   Data          40  ti_msp_dl_config.o(.bss.gSPI_0Backup)
    gTIMER_1Backup                           0x20200620   Data         160  ti_msp_dl_config.o(.bss.gTIMER_1Backup)
    gTRNGBackup                              0x202006c0   Data          16  ti_msp_dl_config.o(.bss.gTRNGBackup)
    keyGet                                   0x202006d0   Data           4  main.o(.bss.keyGet)
    stopwatch_ticks                          0x202006d4   Data           4  main.o(.bss.stopwatch_ticks)
    time                                     0x202006d8   Data           6  main.o(.bss.time)



==============================================================================

Memory Map of the image

  Image Entry point : 0x000000c1

  Load Region LR_IROM1 (Base: 0x00000000, Size: 0x000042b0, Max: 0x00080000, ABSOLUTE)

    Execution Region ER_IROM1 (Exec base: 0x00000000, Load base: 0x00000000, Size: 0x000041f0, Max: 0x00080000, ABSOLUTE)

    Exec Addr    Load Addr    Size         Type   Attr      Idx    E Section Name        Object

    0x00000000   0x00000000   0x000000c0   Data   RO            3    RESET               startup_mspm0g351x_uvision.o
    0x000000c0   0x000000c0   0x00000008   Code   RO          698  * !!!main             c_p.l(__main.o)
    0x000000c8   0x000000c8   0x00000054   Code   RO          875    !!!scatter          c_p.l(__scatter.o)
    0x0000011c   0x0000011c   0x00000004   PAD
    0x00000120   0x00000120   0x0000001a   Code   RO          879    !!handler_copy      c_p.l(__scatter_copy.o)
    0x0000013a   0x0000013a   0x00000006   PAD
    0x00000140   0x00000140   0x00000002   Code   RO          876    !!handler_null      c_p.l(__scatter.o)
    0x00000142   0x00000142   0x00000006   PAD
    0x00000148   0x00000148   0x0000001c   Code   RO          881    !!handler_zi        c_p.l(__scatter_zi.o)
    0x00000164   0x00000164   0x00000002   Code   RO          736    .ARM.Collect$$libinit$$00000000  c_p.l(libinit.o)
    0x00000166   0x00000166   0x00000000   Code   RO          750    .ARM.Collect$$libinit$$00000002  c_p.l(libinit2.o)
    0x00000166   0x00000166   0x00000000   Code   RO          752    .ARM.Collect$$libinit$$00000004  c_p.l(libinit2.o)
    0x00000166   0x00000166   0x00000000   Code   RO          754    .ARM.Collect$$libinit$$00000006  c_p.l(libinit2.o)
    0x00000166   0x00000166   0x00000000   Code   RO          757    .ARM.Collect$$libinit$$0000000C  c_p.l(libinit2.o)
    0x00000166   0x00000166   0x00000000   Code   RO          759    .ARM.Collect$$libinit$$0000000E  c_p.l(libinit2.o)
    0x00000166   0x00000166   0x00000000   Code   RO          761    .ARM.Collect$$libinit$$00000010  c_p.l(libinit2.o)
    0x00000166   0x00000166   0x00000000   Code   RO          764    .ARM.Collect$$libinit$$00000013  c_p.l(libinit2.o)
    0x00000166   0x00000166   0x00000000   Code   RO          766    .ARM.Collect$$libinit$$00000015  c_p.l(libinit2.o)
    0x00000166   0x00000166   0x00000000   Code   RO          768    .ARM.Collect$$libinit$$00000017  c_p.l(libinit2.o)
    0x00000166   0x00000166   0x00000000   Code   RO          770    .ARM.Collect$$libinit$$00000019  c_p.l(libinit2.o)
    0x00000166   0x00000166   0x00000000   Code   RO          772    .ARM.Collect$$libinit$$0000001B  c_p.l(libinit2.o)
    0x00000166   0x00000166   0x00000000   Code   RO          774    .ARM.Collect$$libinit$$0000001D  c_p.l(libinit2.o)
    0x00000166   0x00000166   0x00000000   Code   RO          776    .ARM.Collect$$libinit$$0000001F  c_p.l(libinit2.o)
    0x00000166   0x00000166   0x00000000   Code   RO          778    .ARM.Collect$$libinit$$00000021  c_p.l(libinit2.o)
    0x00000166   0x00000166   0x00000000   Code   RO          780    .ARM.Collect$$libinit$$00000023  c_p.l(libinit2.o)
    0x00000166   0x00000166   0x00000000   Code   RO          782    .ARM.Collect$$libinit$$00000025  c_p.l(libinit2.o)
    0x00000166   0x00000166   0x00000000   Code   RO          784    .ARM.Collect$$libinit$$00000027  c_p.l(libinit2.o)
    0x00000166   0x00000166   0x00000000   Code   RO          788    .ARM.Collect$$libinit$$0000002E  c_p.l(libinit2.o)
    0x00000166   0x00000166   0x00000000   Code   RO          790    .ARM.Collect$$libinit$$00000030  c_p.l(libinit2.o)
    0x00000166   0x00000166   0x00000000   Code   RO          792    .ARM.Collect$$libinit$$00000032  c_p.l(libinit2.o)
    0x00000166   0x00000166   0x00000000   Code   RO          794    .ARM.Collect$$libinit$$00000034  c_p.l(libinit2.o)
    0x00000166   0x00000166   0x00000002   Code   RO          795    .ARM.Collect$$libinit$$00000035  c_p.l(libinit2.o)
    0x00000168   0x00000168   0x00000002   Code   RO          830    .ARM.Collect$$libshutdown$$00000000  c_p.l(libshutdown.o)
    0x0000016a   0x0000016a   0x00000000   Code   RO          858    .ARM.Collect$$libshutdown$$00000002  c_p.l(libshutdown2.o)
    0x0000016a   0x0000016a   0x00000000   Code   RO          860    .ARM.Collect$$libshutdown$$00000004  c_p.l(libshutdown2.o)
    0x0000016a   0x0000016a   0x00000000   Code   RO          863    .ARM.Collect$$libshutdown$$00000007  c_p.l(libshutdown2.o)
    0x0000016a   0x0000016a   0x00000000   Code   RO          866    .ARM.Collect$$libshutdown$$0000000A  c_p.l(libshutdown2.o)
    0x0000016a   0x0000016a   0x00000000   Code   RO          868    .ARM.Collect$$libshutdown$$0000000C  c_p.l(libshutdown2.o)
    0x0000016a   0x0000016a   0x00000000   Code   RO          871    .ARM.Collect$$libshutdown$$0000000F  c_p.l(libshutdown2.o)
    0x0000016a   0x0000016a   0x00000002   Code   RO          872    .ARM.Collect$$libshutdown$$00000010  c_p.l(libshutdown2.o)
    0x0000016c   0x0000016c   0x00000000   Code   RO          700    .ARM.Collect$$rtentry$$00000000  c_p.l(__rtentry.o)
    0x0000016c   0x0000016c   0x00000000   Code   RO          706    .ARM.Collect$$rtentry$$00000002  c_p.l(__rtentry2.o)
    0x0000016c   0x0000016c   0x00000006   Code   RO          718    .ARM.Collect$$rtentry$$00000004  c_p.l(__rtentry4.o)
    0x00000172   0x00000172   0x00000000   Code   RO          708    .ARM.Collect$$rtentry$$00000009  c_p.l(__rtentry2.o)
    0x00000172   0x00000172   0x00000004   Code   RO          709    .ARM.Collect$$rtentry$$0000000A  c_p.l(__rtentry2.o)
    0x00000176   0x00000176   0x00000000   Code   RO          711    .ARM.Collect$$rtentry$$0000000C  c_p.l(__rtentry2.o)
    0x00000176   0x00000176   0x00000008   Code   RO          712    .ARM.Collect$$rtentry$$0000000D  c_p.l(__rtentry2.o)
    0x0000017e   0x0000017e   0x00000002   Code   RO          741    .ARM.Collect$$rtexit$$00000000  c_p.l(rtexit.o)
    0x00000180   0x00000180   0x00000000   Code   RO          801    .ARM.Collect$$rtexit$$00000002  c_p.l(rtexit2.o)
    0x00000180   0x00000180   0x00000004   Code   RO          802    .ARM.Collect$$rtexit$$00000003  c_p.l(rtexit2.o)
    0x00000184   0x00000184   0x00000006   Code   RO          803    .ARM.Collect$$rtexit$$00000004  c_p.l(rtexit2.o)
    0x0000018a   0x0000018a   0x00000002   PAD
    0x0000018c   0x0000018c   0x0000002c   Code   RO            4    .text               startup_mspm0g351x_uvision.o
    0x000001b8   0x000001b8   0x00000040   Code   RO          686    .text               c_p.l(rt_memclr.o)
    0x000001f8   0x000001f8   0x000001f8   Code   RO          688    .text               c_p.l(aeabi_sdivfast.o)
    0x000003f0   0x000003f0   0x00000006   Code   RO          696    .text               c_p.l(heapauxi.o)
    0x000003f6   0x000003f6   0x0000003e   Code   RO          722    .text               c_p.l(sys_stackheap_outer.o)
    0x00000434   0x00000434   0x00000010   Code   RO          725    .text               c_p.l(exit.o)
    0x00000444   0x00000444   0x00000008   Code   RO          737    .text               c_p.l(libspace.o)
    0x0000044c   0x0000044c   0x0000000c   Code   RO          796    .text               c_p.l(sys_exit.o)
    0x00000458   0x00000458   0x00000002   Code   RO          819    .text               c_p.l(use_no_semi.o)
    0x0000045a   0x0000045a   0x00000000   Code   RO          821    .text               c_p.l(indicate_semi.o)
    0x0000045a   0x0000045a   0x00000002   PAD
    0x0000045c   0x0000045c   0x00000024   Code   RO          289    .text.BuzzDisabled  musicplayer.o
    0x00000480   0x00000480   0x0000000a   Code   RO          303    .text.DL_Common_delayCycles  driverlib.a(dl_common.o)
    0x0000048a   0x0000048a   0x00000002   PAD
    0x0000048c   0x0000048c   0x00000054   Code   RO          675    .text.DL_FactoryRegion_initTrimTable  driverlib.a(dl_factoryregion.o)
    0x000004e0   0x000004e0   0x00000014   Code   RO          314    .text.DL_FlashCTL_eraseMemoryFromRAM  driverlib.a(dl_flashctl.o)
    0x000004f4   0x000004f4   0x00000020   Code   RO          366    .text.DL_FlashCTL_programMemoryFromRAM32WithECCGenerated  driverlib.a(dl_flashctl.o)
    0x00000514   0x00000514   0x000000a0   Code   RO          390    .text.DL_FlashCTL_unprotectSector  driverlib.a(dl_flashctl.o)
    0x000005b4   0x000005b4   0x00000044   Code   RO          472    .text.DL_SPI_init   driverlib.a(dl_spi.o)
    0x000005f8   0x000005f8   0x00000012   Code   RO          474    .text.DL_SPI_setClockConfig  driverlib.a(dl_spi.o)
    0x0000060a   0x0000060a   0x00000002   PAD
    0x0000060c   0x0000060c   0x000000d4   Code   RO          639    .text.DL_SYSCTL_configSYSPLL  driverlib.a(dl_sysctl_mspm0gx51x.o)
    0x000006e0   0x000006e0   0x00000074   Code   RO          653    .text.DL_SYSCTL_setHFCLKSourceHFXTParams  driverlib.a(dl_sysctl_mspm0gx51x.o)
    0x00000754   0x00000754   0x00000028   Code   RO          647    .text.DL_SYSCTL_switchMCLKfromSYSOSCtoHSCLK  driverlib.a(dl_sysctl_mspm0gx51x.o)
    0x0000077c   0x0000077c   0x00000108   Code   RO          606    .text.DL_Timer_initFourCCPWMMode  driverlib.a(dl_timer.o)
    0x00000884   0x00000884   0x00000108   Code   RO          530    .text.DL_Timer_initTimerMode  driverlib.a(dl_timer.o)
    0x0000098c   0x0000098c   0x0000001c   Code   RO          572    .text.DL_Timer_setCaptCompUpdateMethod  driverlib.a(dl_timer.o)
    0x000009a8   0x000009a8   0x00000018   Code   RO          580    .text.DL_Timer_setCaptureCompareOutCtl  driverlib.a(dl_timer.o)
    0x000009c0   0x000009c0   0x00000010   Code   RO          532    .text.DL_Timer_setCaptureCompareValue  driverlib.a(dl_timer.o)
    0x000009d0   0x000009d0   0x0000001c   Code   RO          526    .text.DL_Timer_setClockConfig  driverlib.a(dl_timer.o)
    0x000009ec   0x000009ec   0x00000214   Code   RO          207    .text.KeySCInput    keyboard.o
    0x00000c00   0x00000c00   0x00000018   Code   RO          205    .text.Keyboard_init  keyboard.o
    0x00000c18   0x00000c18   0x00000168   Code   RO          241    .text.OLED_Clear    oled_spi_v0.2.o
    0x00000d80   0x00000d80   0x000007c0   Code   RO          269    .text.OLED_Init     oled_spi_v0.2.o
    0x00001540   0x00001540   0x0000025c   Code   RO          243    .text.OLED_ShowChar  oled_spi_v0.2.o
    0x0000179c   0x0000179c   0x00000046   Code   RO          251    .text.OLED_ShowString  oled_spi_v0.2.o
    0x000017e2   0x000017e2   0x00000002   PAD
    0x000017e4   0x000017e4   0x0000011c   Code   RO           15    .text.SYSCFG_DL_GPIO_init  ti_msp_dl_config.o
    0x00001900   0x00001900   0x000000ac   Code   RO           19    .text.SYSCFG_DL_PWM_0_init  ti_msp_dl_config.o
    0x000019ac   0x000019ac   0x0000004c   Code   RO           25    .text.SYSCFG_DL_SPI_0_init  ti_msp_dl_config.o
    0x000019f8   0x000019f8   0x000000a0   Code   RO           17    .text.SYSCFG_DL_SYSCTL_init  ti_msp_dl_config.o
    0x00001a98   0x00001a98   0x00000038   Code   RO           21    .text.SYSCFG_DL_TIMER_0_init  ti_msp_dl_config.o
    0x00001ad0   0x00001ad0   0x00000038   Code   RO           23    .text.SYSCFG_DL_TIMER_1_init  ti_msp_dl_config.o
    0x00001b08   0x00001b08   0x00000044   Code   RO           27    .text.SYSCFG_DL_TRNG_init  ti_msp_dl_config.o
    0x00001b4c   0x00001b4c   0x0000004c   Code   RO           11    .text.SYSCFG_DL_init  ti_msp_dl_config.o
    0x00001b98   0x00001b98   0x00000070   Code   RO           13    .text.SYSCFG_DL_initPower  ti_msp_dl_config.o
    0x00001c08   0x00001c08   0x0000006c   Code   RO           96    .text.TIMG7_IRQHandler  main.o
    0x00001c74   0x00001c74   0x00000088   Code   RO          100    .text.TIMG8_IRQHandler  main.o
    0x00001cfc   0x00001cfc   0x000000a4   Code   RO           98    .text.autoSave      main.o
    0x00001da0   0x00001da0   0x00000110   Code   RO           64    .text.check_alarms  main.o
    0x00001eb0   0x00001eb0   0x0000011c   Code   RO           82    .text.displayMenuPage1  main.o
    0x00001fcc   0x00001fcc   0x000000f0   Code   RO           84    .text.displayMenuPage2  main.o
    0x000020bc   0x000020bc   0x000001ac   Code   RO           74    .text.display_alarm_menu  main.o
    0x00002268   0x00002268   0x000000be   Code   RO           68    .text.display_day   main.o
    0x00002326   0x00002326   0x00000002   PAD
    0x00002328   0x00002328   0x0000019c   Code   RO           76    .text.display_select_alarm  main.o
    0x000024c4   0x000024c4   0x000001f8   Code   RO           72    .text.display_stopwatch  main.o
    0x000026bc   0x000026bc   0x00000134   Code   RO           66    .text.display_time  main.o
    0x000027f0   0x000027f0   0x00000654   Code   RO          102    .text.main          main.o
    0x00002e44   0x00002e44   0x000000ac   Code   RO          291    .text.playMusic     musicplayer.o
    0x00002ef0   0x00002ef0   0x000000fc   Code   RO           94    .text.saveTime      main.o
    0x00002fec   0x00002fec   0x0000037c   Code   RO           92    .text.setDate       main.o
    0x00003368   0x00003368   0x000002bc   Code   RO           90    .text.setTime       main.o
    0x00003624   0x00003624   0x00000114   Code   RO           80    .text.set_alarm_music  main.o
    0x00003738   0x00003738   0x00000210   Code   RO           78    .text.set_alarm_time  main.o
    0x00003948   0x00003948   0x000000e8   Code   RO           60    .text.updateTime    main.o
    0x00003a30   0x00003a30   0x000001f6   Code   RO          689    .text_divfast       c_p.l(aeabi_sdivfast.o)
    0x00003c26   0x00003c26   0x00000002   PAD
    0x00003c28   0x00003c28   0x0000000c   Ven    RO          883    Veneer$$Code        anon$$obj.o
    0x00003c34   0x00003c34   0x0000001c   Data   RO          129    .rodata..L__const.display_weekday.wd  main.o
    0x00003c50   0x00003c50   0x00000228   Data   RO          271    .rodata.F6x8        oled_spi_v0.2.o
    0x00003e78   0x00003e78   0x00000130   Data   RO          109    .rodata.FunkyStar   main.o
    0x00003fa8   0x00003fa8   0x000000a4   Data   RO          111    .rodata.Haruhikage  main.o
    0x0000404c   0x0000404c   0x00000030   Data   RO          123    .rodata.days        main.o
    0x0000407c   0x0000407c   0x00000003   Data   RO           38    .rodata.gPWM_0ClockConfig  ti_msp_dl_config.o
    0x0000407f   0x0000407f   0x00000001   PAD
    0x00004080   0x00004080   0x00000008   Data   RO           39    .rodata.gPWM_0Config  ti_msp_dl_config.o
    0x00004088   0x00004088   0x00000002   Data   RO           44    .rodata.gSPI_0_clockConfig  ti_msp_dl_config.o
    0x0000408a   0x0000408a   0x0000000a   Data   RO           45    .rodata.gSPI_0_config  ti_msp_dl_config.o
    0x00004094   0x00004094   0x00000028   Data   RO           37    .rodata.gSYSPLLConfig  ti_msp_dl_config.o
    0x000040bc   0x000040bc   0x00000003   Data   RO           40    .rodata.gTIMER_0ClockConfig  ti_msp_dl_config.o
    0x000040bf   0x000040bf   0x00000001   PAD
    0x000040c0   0x000040c0   0x00000014   Data   RO           41    .rodata.gTIMER_0TimerConfig  ti_msp_dl_config.o
    0x000040d4   0x000040d4   0x00000003   Data   RO           42    .rodata.gTIMER_1ClockConfig  ti_msp_dl_config.o
    0x000040d7   0x000040d7   0x00000001   PAD
    0x000040d8   0x000040d8   0x00000014   Data   RO           43    .rodata.gTIMER_1TimerConfig  ti_msp_dl_config.o
    0x000040ec   0x000040ec   0x00000098   Data   RO          113    .rodata.str1.1      main.o
    0x00004184   0x00004184   0x00000038   Data   RO          132    .rodata.str4.4      main.o
    0x000041bc   0x000041bc   0x00000004   PAD
    0x000041c0   0x000041c0   0x00000030   Data   RO          874    Region$$Table       anon$$obj.o


    Execution Region RW_IRAM1 (Exec base: 0x20200000, Load base: 0x000041f0, Size: 0x000007e0, Max: 0x00010000, ABSOLUTE)

    Exec Addr    Load Addr    Size         Type   Attr      Idx    E Section Name        Object

    0x20200000   0x000041f0   0x00000034   Code   RO          316    .ramfunc            driverlib.a(dl_flashctl.o)
    0x20200034   0x00004224   0x00000044   Data   RW          677    .TrimTable          driverlib.a(dl_factoryregion.o)
    0x20200078   0x00004268   0x00000004   Data   RW          678    .data.FACTORYVALUE  driverlib.a(dl_factoryregion.o)
    0x2020007c   0x0000426c   0x0000001e   Data   RW          112    .data.alarms        main.o
    0x2020009a   0x0000428a   0x00000002   PAD
    0x2020009c   0x0000428c   0x00000004   Data   RW          120    .data.currentMenuPage  main.o
    0x202000a0   0x00004290   0x00000001   Data   RW          118    .data.currentSettingPage1  main.o
    0x202000a1   0x00004291   0x00000001   Data   RW          119    .data.currentSettingPage2  main.o
    0x202000a2   0x00004292   0x00000002   PAD
    0x202000a4   0x00004294   0x0000000c   Data   RW          114    .data.music_names   main.o
    0x202000b0   0x000042a0   0x0000000a   Data   RW          115    .data.stopwatch     main.o
    0x202000ba   0x000042aa   0x00000006   PAD
    0x202000c0        -       0x00000060   Zero   RW          738    .bss                c_p.l(libspace.o)
    0x20200120        -       0x00000410   Zero   RW          274    .bss.OLED_GRAM      oled_spi_v0.2.o
    0x20200530        -       0x00000001   Zero   RW          121    .bss.currentForm    main.o
    0x20200531        -       0x00000001   Zero   RW          117    .bss.currentState   main.o
    0x20200532        -       0x00000008   Zero   RW          127    .bss.date           main.o
    0x2020053a        -       0x00000001   Zero   RW          130    .bss.gCmdStatus     main.o
    0x2020053b   0x000042aa   0x00000001   PAD
    0x2020053c        -       0x000000bc   Zero   RW           33    .bss.gPWM_0Backup   ti_msp_dl_config.o
    0x202005f8        -       0x00000028   Zero   RW           35    .bss.gSPI_0Backup   ti_msp_dl_config.o
    0x20200620        -       0x000000a0   Zero   RW           34    .bss.gTIMER_1Backup  ti_msp_dl_config.o
    0x202006c0        -       0x00000010   Zero   RW           36    .bss.gTRNGBackup    ti_msp_dl_config.o
    0x202006d0        -       0x00000004   Zero   RW          122    .bss.keyGet         main.o
    0x202006d4        -       0x00000004   Zero   RW          116    .bss.stopwatch_ticks  main.o
    0x202006d8        -       0x00000006   Zero   RW          128    .bss.time           main.o
    0x202006de   0x000042aa   0x00000002   PAD
    0x202006e0        -       0x00000000   Zero   RW            2    HEAP                startup_mspm0g351x_uvision.o
    0x202006e0        -       0x00000100   Zero   RW            1    STACK               startup_mspm0g351x_uvision.o


    Execution Region RW_IRAM2 (Exec base: 0x20210000, Load base: 0x000042b0, Size: 0x00000000, Max: 0x00010000, ABSOLUTE)

    **** No section assigned to this execution region ****



  Load Region LR_BCR (Base: 0x41c00000, Size: 0x00000000, Max: 0x00000100, ABSOLUTE)

    Execution Region BCR_CONFIG (Exec base: 0x41c00000, Load base: 0x41c00000, Size: 0x00000000, Max: 0x000000ff, ABSOLUTE)

    **** No section assigned to this execution region ****



  Load Region LR_BSL (Base: 0x41c00100, Size: 0x00000000, Max: 0x00000100, ABSOLUTE)

    Execution Region BSL_CONFIG (Exec base: 0x41c00100, Load base: 0x41c00100, Size: 0x00000000, Max: 0x00000080, ABSOLUTE)

    **** No section assigned to this execution region ****



  Load Region LR_DATA (Base: 0x41d00000, Size: 0x00000000, Max: 0x00004000, ABSOLUTE)

    Execution Region DATA (Exec base: 0x41d00000, Load base: 0x41d00000, Size: 0x00000000, Max: 0x00004000, ABSOLUTE)

    **** No section assigned to this execution region ****


==============================================================================

Image component sizes


      Code (inc. data)   RO Data    RW Data    ZI Data      Debug   Object Name

       556          4          0          0          0       7436   keyboard.o
      7546       1046        752         58         25      30220   main.o
       208         28          0          0          0       8011   musicplayer.o
      3018         32        552          0       1040      56485   oled_spi_v0.2.o
        44         18        192          0        256        692   startup_mspm0g351x_uvision.o
      1060        224        109          0        404      33578   ti_msp_dl_config.o

    ----------------------------------------------------------------------
     12448       1356       1660         64       1732     136422   Object Totals
        12          4         48          0          0          0   (incl. Generated)
         4          0          7          6          7          0   (incl. Padding)

    ----------------------------------------------------------------------

      Code (inc. data)   RO Data    RW Data    ZI Data      Debug   Library Member Name

         8          0          0          0          0         68   __main.o
         0          0          0          0          0          0   __rtentry.o
        12          0          0          0          0          0   __rtentry2.o
         6          0          0          0          0          0   __rtentry4.o
        86         10          0          0          0          0   __scatter.o
        26          0          0          0          0          0   __scatter_copy.o
        28          0          0          0          0          0   __scatter_zi.o
      1006          4          0          0          0        184   aeabi_sdivfast.o
        16          0          0          0          0         68   exit.o
         6          0          0          0          0        136   heapauxi.o
         0          0          0          0          0          0   indicate_semi.o
         2          0          0          0          0          0   libinit.o
         2          0          0          0          0          0   libinit2.o
         2          0          0          0          0          0   libshutdown.o
         2          0          0          0          0          0   libshutdown2.o
         8          4          0          0         96         68   libspace.o
        64          0          0          0          0        108   rt_memclr.o
         2          0          0          0          0          0   rtexit.o
        10          0          0          0          0          0   rtexit2.o
        12          4          0          0          0         60   sys_exit.o
        62          0          0          0          0         80   sys_stackheap_outer.o
         2          0          0          0          0         68   use_no_semi.o
        10          0          0          0          0        803   dl_common.o
        84          8          0         72          0       2309   dl_factoryregion.o
       264         20          0          0          0      72817   dl_flashctl.o
        86          8          0          0          0      13654   dl_spi.o
       368         36          0          0          0      15076   dl_sysctl_mspm0gx51x.o
       624        196          0          0          0      42858   dl_timer.o

    ----------------------------------------------------------------------
      2824        294          0         72         96     148357   Library Totals
        26          4          0          0          0          0   (incl. Padding)

    ----------------------------------------------------------------------

      Code (inc. data)   RO Data    RW Data    ZI Data      Debug   Library Name

      1362         22          0          0         96        840   c_p.l
      1436        268          0         72          0     147517   driverlib.a

    ----------------------------------------------------------------------
      2824        294          0         72         96     148357   Library Totals

    ----------------------------------------------------------------------

==============================================================================


      Code (inc. data)   RO Data    RW Data    ZI Data      Debug   

     15272       1650       1660        136       1828     284407   Grand Totals
     15272       1650       1660        136       1828     284407   ELF Image Totals
     15272       1650       1660        136          0          0   ROM Totals

==============================================================================

    Total RO  Size (Code + RO Data)                16932 (  16.54kB)
    Total RW  Size (RW Data + ZI Data)              1964 (   1.92kB)
    Total ROM Size (Code + RO Data + RW Data)      17068 (  16.67kB)

==============================================================================

